******************************************************************************
                  TI ARM Linker PC v5.2.5                      
******************************************************************************
>> Linked Mon Mar 14 09:33:38 2016

OUTPUT FILE NAME:   <enet_lwip.out>
ENTRY POINT SYMBOL: "_c_int00"  address: 0000eff5


MEMORY CONFIGURATION

         name            origin    length      used     unused   attr    fill
----------------------  --------  ---------  --------  --------  ----  --------
  FLASH                 00000000   00100000  000126ee  000ed912  R  X
  SRAM                  20000000   00040000  00019c73  0002638d  RW X


SEGMENT ALLOCATION MAP

run origin  load origin   length   init length attrs members
----------  ----------- ---------- ----------- ----- -------
00000000    00000000    000126f0   000126f0    r-x
  00000000    00000000    00000200   00000200    r-- .intvecs
  00000200    00000200    00010cba   00010cba    r-x .text
  00010ebc    00010ebc    000008f4   000008f4    r-- .const
  000117b0    000117b0    00000f40   00000f40    r-- .cinit
20000000    20000000    00019c74   00000000    rw-
  20000000    20000000    0000026c   00000000    rw- .vtable
  2000026c    2000026c    0001818b   00000000    rw- .bss
  200183f8    200183f8    0000107c   00000000    rw- .data
  20019474    20019474    00000800   00000000    rw- .stack


SECTION ALLOCATION MAP

 output                                  attributes/
section   page    origin      length       input sections
--------  ----  ----------  ----------   ----------------
.intvecs   0    00000000    00000200     
                  00000000    00000200     startup_ccs.obj (.intvecs)

.text      0    00000200    00010cba     
                  00000200    000010ba     rtsv7M4_T_le_v4SPD16_eabi.lib : _printfi.obj (.text)
                  000012ba    00000002     startup_ccs.obj (.text:IntDefaultHandler)
                  000012bc    00000bcc     lwiplib.obj (.text:tcp_receive)
                  00001e88    0000060c     lwiplib.obj (.text:tcp_process)
                  00002494    00000580     lwiplib.obj (.text:tcp_input)
                  00002a14    0000052c     wrappedCAN.obj (.text:CANGetSDCSData)
                  00002f40    00000494     lwiplib.obj (.text:tcp_write)
                  000033d4    00000468     stringProcessing.obj (.text:updateGaugeData)
                  0000383c    00000448     lwiplib.obj (.text:tcp_slowtmr)
                  00003c84    00000448     stringProcessing.obj (.text:updateMAC)
                  000040cc    000003f0     lwiplib.obj (.text:dhcp_parse_reply)
                  000044bc    00000354     GPfunctions.obj (.text:warehouseSetup)
                  00004810    00000308     stringProcessing.obj (.text:updateRFIDInStation)
                  00004b18    0000029c     lwiplib.obj (.text:udp_input)
                  00004db4    00000294     lwiplib.obj (.text:ip_input)
                  00005048    00000288     lwiplib.obj (.text:tivaif_receive)
                  000052d0    0000026c     pinout.obj (.text:PinoutSet)
                  0000553c    0000024c     stringProcessing.obj (.text:populateString)
                  00005788    00000244     lwiplib.obj (.text:tcp_output)
                  000059cc    0000023c     lwiplib.obj (.text:tcp_close_shutdown)
                  00005c08    00000228     lwiplib.obj (.text:etharp_find_entry)
                  00005e30    00000220     wrappedCAN.obj (.text:CANIntHandler)
                  00006050    0000020e     lwiplib.obj (.text:pbuf_alloc)
                  0000625e    00000002     startup_ccs.obj (.text:NmiSR)
                  00006260    00000204     driverlib.lib : sysctl.obj (.text:SysCtlClockFreqSet)
                  00006464    000001fc     lwiplib.obj (.text:dhcp_create_msg)
                  00006660    000001f4     rtsv7M4_T_le_v4SPD16_eabi.lib : ull_div_t2.obj (.text)
                  00006854    000001f0     stringProcessing.obj (.text:sendDataToThingSpeak)
                  00006a44    000001e4     lwiplib.obj (.text:icmp_input)
                  00006c28    000001d8     stringProcessing.obj (.text:updateStationDataSingle)
                  00006e00    000001d4     GPfunctions.obj (.text:mainLoop)
                  00006fd4    000001c4     lwiplib.obj (.text:etharp_query)
                  00007198    000001c0     lwiplib.obj (.text:etharp_arp_input)
                  00007358    000001b8     lwiplib.obj (.text:tivaif_transmit)
                  00007510    000001b6     rtsv7M4_T_le_v4SPD16_eabi.lib : fd_add_t2.obj (.text)
                  000076c6    00000002     lwiplib.obj (.text:netif_init)
                  000076c8    000001b0     lwiplib.obj (.text:InitDMADescriptors)
                  00007878    000001a8     lwiplib.obj (.text:etharp_output)
                  00007a20    000001a8     lwiplib.obj (.text:tcp_connect)
                  00007bc8    0000019c     lwiplib.obj (.text:mem_trim)
                  00007d64    00000190     OLED.obj (.text:OLEDbegin)
                  00007ef4    0000018c     OLED.obj (.text:OLEDreset)
                  00008080    00000188     lwiplib.obj (.text:mem_malloc)
                  00008208    00000178     wrappedi2c.obj (.text:sendI2CBuffer)
                  00008380    00000178     lwiplib.obj (.text:tcp_enqueue_flags)
                  000084f8    00000172     OLEDmenu.obj (.text:confirmConfig)
                  0000866a    00000002     lwiplib.obj (.text:stats_init)
                  0000866c    00000170     lwiplib.obj (.text:tcp_listen_input)
                  000087dc    0000015c     lwiplib.obj (.text:autoip_tmr)
                  00008938    0000014e     lwiplib.obj (.text:dhcp_bind)
                  00008a86    00000002     lwiplib.obj (.text:tcp_init)
                  00008a88    00000138     lwiplib.obj (.text:dhcp_recv)
                  00008bc0    00000136     driverlib.lib : can.obj (.text:CANMessageSet)
                  00008cf6    00000136     rtsv7M4_T_le_v4SPD16_eabi.lib : fd_div_t2.obj (.text)
                  00008e2c    00000134     wrappedCAN.obj (.text:dataReceiveMessageObjectSetup)
                  00008f60    00000132     driverlib.lib : gpio.obj (.text:GPIOPadConfigSet)
                  00009092    00000002     lwiplib.obj (.text:udp_init)
                  00009094    0000012c     lwiplib.obj (.text:tcp_output_segment)
                  000091c0    00000128     lwiplib.obj (.text:tcp_alloc)
                  000092e8    0000011c     lwiplib.obj (.text:pbuf_copy)
                  00009404    00000118     lwiplib.obj (.text:udp_sendto_if)
                  0000951c    00000114     lwiplib.obj (.text:dhcp_select)
                  00009630    00000110     driverlib.lib : sysctl.obj (.text:SysCtlClockGet)
                  00009740    00000110     OLED.obj (.text:draw)
                  00009850    00000110     rtsv7M4_T_le_v4SPD16_eabi.lib : xdscale.obj (.text)
                  00009960    0000010e     driverlib.lib : can.obj (.text:CANMessageGet)
                  00009a6e    00000002     --HOLE-- [fill = 0]
                  00009a70    0000010c     OLED.obj (.text:write)
                  00009b7c    00000108     lwiplib.obj (.text:dhcp_discover)
                  00009c84    00000104     OLED.obj (.text:OLEDclear)
                  00009d88    00000104     lwiplib.obj (.text:etharp_raw)
                  00009e8c    00000104     lwiplib.obj (.text:memp_init)
                  00009f90    00000104     lwiplib.obj (.text:tcp_parseopt)
                  0000a094    00000100     wrappedCAN.obj (.text:CANMessageObjectsSetup)
                  0000a194    000000fc     lwiplib.obj (.text:dhcp_start)
                  0000a290    000000fc     lwiplib.obj (.text:etharp_update_arp_entry)
                  0000a38c    000000fc     lwiplib.obj (.text:ethernet_input)
                  0000a488    000000fc     rtsv7M4_T_le_v4SPD16_eabi.lib : fd_mul_t2.obj (.text)
                  0000a584    000000f8     OLEDmenu.obj (.text:pumpNumberConfig)
                  0000a67c    000000f0     lwiplib.obj (.text:lwIPInit)
                  0000a76c    000000ec     lwiplib.obj (.text:ip_output_if)
                  0000a858    000000e8     lwiplib.obj (.text:dhcp_release)
                  0000a940    000000e8     lwiplib.obj (.text:pbuf_copy_partial)
                  0000aa28    000000e8     lwiplib.obj (.text:tcp_create_segment)
                  0000ab10    000000e4     lwiplib.obj (.text:lwIPServiceTimers)
                  0000abf4    000000dc     lwiplib.obj (.text:pbuf_header)
                  0000acd0    000000dc     lwiplib.obj (.text:tivaif_hwinit)
                  0000adac    000000d8     lwiplib.obj (.text:tcp_zero_window_probe)
                  0000ae84    000000d4     lwiplib.obj (.text:sys_timeout)
                  0000af58    000000d4     stringProcessing.obj (.text:updateDrops)
                  0000b02c    000000d0     lwiplib.obj (.text:dhcp_reboot)
                  0000b0fc    000000cd     OLEDmenu.obj (.text:RFIDConfig)
                  0000b1c9    00000003     --HOLE-- [fill = 0]
                  0000b1cc    000000cc     Ethernet.obj (.text:connectToThingspeak)
                  0000b298    000000c8     Ethernet.obj (.text:Ethernetwrite)
                  0000b360    000000c6     OLEDmenu.obj (.text:retryOrResetMenu)
                  0000b426    00000002     --HOLE-- [fill = 0]
                  0000b428    000000c4     driverlib.lib : eeprom.obj (.text:EEPROMProgram)
                  0000b4ec    000000c0     lwiplib.obj (.text:etharp_tmr)
                  0000b5ac    000000c0     lwiplib.obj (.text:netif_set_ipaddr)
                  0000b66c    000000c0     lwiplib.obj (.text:udp_bind)
                  0000b72c    000000be     lwiplib.obj (.text:dhcp_timeout)
                  0000b7ea    000000be     rtsv7M4_T_le_v4SPD16_eabi.lib : xdnorm.obj (.text)
                  0000b8a8    000000bc     lwiplib.obj (.text:dhcp_handle_ack)
                  0000b964    000000bc     lwiplib.obj (.text:tcp_abandon)
                  0000ba20    000000bc     lwiplib.obj (.text:tcp_process_refused_data)
                  0000badc    000000b8     Ethernet.obj (.text:EthernetInit)
                  0000bb94    000000b6     lwiplib.obj (.text:pbuf_realloc)
                  0000bc4a    00000002     --HOLE-- [fill = 0]
                  0000bc4c    000000b4     lwiplib.obj (.text:dhcp_rebind)
                  0000bd00    000000b4     lwiplib.obj (.text:raw_input)
                  0000bdb4    000000b4     lwiplib.obj (.text:tcp_oos_insert_segment)
                  0000be68    000000b4     GPfunctions.obj (.text:updateOLEDSDCSList)
                  0000bf1c    000000b2     lwiplib.obj (.text:dhcp_renew)
                  0000bfce    000000b2     lwiplib.obj (.text:lwip_standard_chksum)
                  0000c080    000000b0     lwiplib.obj (.text:tcp_timewait_input)
                  0000c130    000000ac     lwiplib.obj (.text:autoip_arp_reply)
                  0000c1dc    000000ac     lwiplib.obj (.text:dhcp_decline)
                  0000c288    000000ac     lwiplib.obj (.text:plug_holes)
                  0000c334    000000ac     lwiplib.obj (.text:tcp_output_alloc_header)
                  0000c3e0    000000aa     lwiplib.obj (.text:tcp_pbuf_prealloc)
                  0000c48a    00000002     --HOLE-- [fill = 0]
                  0000c48c    000000a8     lwiplib.obj (.text:lwIPLinkDetect)
                  0000c534    000000a8     lwiplib.obj (.text:memp_malloc)
                  0000c5dc    000000a8     lwiplib.obj (.text:pbuf_free)
                  0000c684    000000a8     lwiplib.obj (.text:tcp_write_checks)
                  0000c72c    000000a8     lwiplib.obj (.text:tivaif_process_transmit)
                  0000c7d4    000000a8     stringProcessing.obj (.text:updateFaultStationAddress)
                  0000c87c    000000a4     wrappedCAN.obj (.text:CANPresenceCheckSend)
                  0000c920    000000a4     OLED.obj (.text:writeDigit)
                  0000c9c4    000000a0     wrappedCAN.obj (.text:CANDataRequestSend)
                  0000ca64    000000a0     lwiplib.obj (.text:icmp_send_response)
                  0000cb04    000000a0     lwiplib.obj (.text:inet_chksum_pbuf)
                  0000cba4    000000a0     Ethernet.obj (.text:lwIPHostTimerHandler)
                  0000cc44    000000a0     lwiplib.obj (.text:tcp_pcb_remove)
                  0000cce4    000000a0     lwiplib.obj (.text:tivaif_process_phy_interrupt)
                  0000cd84    0000009c     faultProcessing.obj (.text:addToFaultStation)
                  0000ce20    0000009c     rtsv7M4_T_le_v4SPD16_eabi.lib : memcpy_t2.obj (.text)
                  0000cebc    00000098     dataProcessing.obj (.text:populateGaugeList)
                  0000cf54    00000098     lwiplib.obj (.text:tcp_rst)
                  0000cfec    00000094     lwiplib.obj (.text:autoip_start)
                  0000d080    00000094     lwiplib.obj (.text:tcp_new_port)
                  0000d114    0000008e     lwiplib.obj (.text:tcp_rexmit_fast)
                  0000d1a2    00000002     --HOLE-- [fill = 0]
                  0000d1a4    0000008c     lwiplib.obj (.text:udp_connect)
                  0000d230    00000088     wrappedWDT.obj (.text:InitWatchDogTimer)
                  0000d2b8    00000088     tactSwitch.obj (.text:SWInit)
                  0000d340    00000088     lwiplib.obj (.text:mem_free)
                  0000d3c8    00000088     lwiplib.obj (.text:tcp_fasttmr)
                  0000d450    00000086     rtsv7M4_T_le_v4SPD16_eabi.lib : fd_cmp_t2.obj (.text:__aeabi_cdcmple)
                  0000d4d6    00000086                                   : fd_cmp_t2.obj (.text:__aeabi_cdrcmple)
                  0000d55c    00000084     OLEDmenu.obj (.text:configMenu)
                  0000d5e0    00000084     lwiplib.obj (.text:ip_route)
                  0000d664    00000084     lwiplib.obj (.text:lwIPPrivateInit)
                  0000d6e8    00000084     lwiplib.obj (.text:netif_add)
                  0000d76c    00000084     lwiplib.obj (.text:tcp_kill_prio)
                  0000d7f0    00000080     wrappedCAN.obj (.text:CANSetup)
                  0000d870    00000080     tactSwitch.obj (.text:OnSWdown)
                  0000d8f0    00000080     lwiplib.obj (.text:etharp_output_to_arp_index)
                  0000d970    0000007c     lwiplib.obj (.text:autoip_start_probing)
                  0000d9ec    0000007c     lwiplib.obj (.text:mem_init)
                  0000da68    0000007c     GPfunctions.obj (.text:sortSDCSList)
                  0000dae4    0000007c     lwiplib.obj (.text:tcp_rexmit)
                  0000db60    0000007a     rtsv7M4_T_le_v4SPD16_eabi.lib : memset_t2.obj (.text)
                  0000dbda    00000002     --HOLE-- [fill = 0]
                  0000dbdc    00000078     driverlib.lib : emac.obj (.text:EMACInit)
                  0000dc54    00000078     stringProcessing.obj (.text:deleteGauge)
                  0000dccc    00000074     lwiplib.obj (.text:autoip_create_addr)
                  0000dd40    00000074     lwiplib.obj (.text:tcp_update_rcv_ann_wnd)
                  0000ddb4    00000072     lwiplib.obj (.text:dhcp_option_long)
                  0000de26    00000002     --HOLE-- [fill = 0]
                  0000de28    00000070     OLED.obj (.text:OLEDprintwrap)
                  0000de98    00000070     Ethernet.obj (.text:tcpRecvCallback)
                  0000df08    00000070     GPfunctions.obj (.text:updateOLEDSDCSStatus)
                  0000df78    0000006c     driverlib.lib : can.obj (.text:CANBitRateSet)
                  0000dfe4    0000006c     lwiplib.obj (.text:ip4_addr_isbroadcast)
                  0000e050    0000006c     rtsv7M4_T_le_v4SPD16_eabi.lib : autoinit.obj (.text)
                  0000e0bc    0000006c     lwiplib.obj (.text:udp_new_port)
                  0000e128    0000006a     rtsv7M4_T_le_v4SPD16_eabi.lib : copy_decompress_rle.obj (.text)
                  0000e192    0000006a     lwiplib.obj (.text:tcp_pcb_purge)
                  0000e1fc    00000068     driverlib.lib : interrupt.obj (.text:IntEnable)
                  0000e264    00000068     dataProcessing.obj (.text:addressDuplicated)
                  0000e2cc    00000068     wrappedi2c.obj (.text:i2cInit)
                  0000e334    00000068     lwiplib.obj (.text:lwIPEthernetIntHandler)
                  0000e39c    00000068     GPfunctions.obj (.text:peripheralSetup)
                  0000e404    00000068     dataProcessing.obj (.text:populateDuplicatedAddress)
                  0000e46c    00000068     stringProcessing.obj (.text:removeRFID)
                  0000e4d4    00000068     lwiplib.obj (.text:tivaif_check_pbuf)
                  0000e53c    00000066     rtsv7M4_T_le_v4SPD16_eabi.lib : xdunscal.obj (.text)
                  0000e5a2    00000066     lwiplib.obj (.text:tcp_send_empty_ack)
                  0000e608    00000064     lwiplib.obj (.text:etharp_cleanup_netif)
                  0000e66c    00000062     lwiplib.obj (.text:dhcp_network_changed)
                  0000e6ce    00000002     --HOLE-- [fill = 0]
                  0000e6d0    00000060     rtsv7M4_T_le_v4SPD16_eabi.lib : sprintf.obj (.text)
                  0000e730    00000060     GPfunctions.obj (.text:swapSDCS)
                  0000e790    0000005c     driverlib.lib : can.obj (.text:_CANIntNumberGet)
                  0000e7ec    0000005c     lwiplib.obj (.text:memp_free)
                  0000e848    0000005c     lwiplib.obj (.text:tcp_send_fin)
                  0000e8a4    0000005c     stringProcessing.obj (.text:updateRetry)
                  0000e900    00000058     driverlib.lib : emac.obj (.text:EMACPHYConfigSet)
                  0000e958    00000058     enet_lwip.obj (.text:main)
                  0000e9b0    00000058     dataProcessing.obj (.text:populateUnmatchedConfig)
                  0000ea08    00000058     stringProcessing.obj (.text:removeStationFromSDCS)
                  0000ea60    00000058     OLED.obj (.text:setCursor)
                  0000eab8    00000058     lwiplib.obj (.text:tcp_keepalive)
                  0000eb10    00000058     lwiplib.obj (.text:tivaif_interrupt)
                  0000eb68    00000058     lwiplib.obj (.text:udp_remove)
                  0000ebc0    00000056     driverlib.lib : gpio.obj (.text:GPIOIntTypeSet)
                  0000ec16    00000056     rtsv7M4_T_le_v4SPD16_eabi.lib : ltoa.obj (.text)
                  0000ec6c    00000054     OLED.obj (.text:OLEDprint)
                  0000ecc0    00000054     lwiplib.obj (.text:dhcp_fine_tmr)
                  0000ed14    00000054     lwiplib.obj (.text:netif_set_link_up)
                  0000ed68    00000054     lwiplib.obj (.text:tcp_kill_timewait)
                  0000edbc    00000052     lwiplib.obj (.text:dhcp_option_trailer)
                  0000ee0e    00000052     lwiplib.obj (.text:dhcp_stop)
                  0000ee60    00000052     rtsv7M4_T_le_v4SPD16_eabi.lib : ldexp.obj (.text)
                  0000eeb2    00000002     --HOLE-- [fill = 0]
                  0000eeb4    00000050     driverlib.lib : sysctl.obj (.text:SysCtlPeripheralReset)
                  0000ef04    00000050     lwiplib.obj (.text:dhcp_coarse_tmr)
                  0000ef54    00000050     stringProcessing.obj (.text:loadBody)
                  0000efa4    00000050     stringProcessing.obj (.text:loadEnding)
                  0000eff4    00000050     rtsv7M4_T_le_v4SPD16_eabi.lib : boot.obj (.text)
                  0000f044    00000050     lwiplib.obj (.text:sys_timeouts_init)
                  0000f094    00000050     lwiplib.obj (.text:tcp_rexmit_rto)
                  0000f0e4    0000004c     driverlib.lib : i2c.obj (.text:I2CMasterInitExpClk)
                  0000f130    0000004c     lwiplib.obj (.text:ip_output)
                  0000f17c    0000004c     rtsv7M4_T_le_v4SPD16_eabi.lib : atoi.obj (.text)
                  0000f1c8    0000004c                                   : cpy_tbl.obj (.text)
                  0000f214    0000004c     stringProcessing.obj (.text:updateGaugeAddress)
                  0000f260    0000004c     GPfunctions.obj (.text:updateOLEDicons)
                  0000f2ac    0000004a     lwiplib.obj (.text:tcp_eff_send_mss)
                  0000f2f6    00000002     --HOLE-- [fill = 0]
                  0000f2f8    00000048     wrappedCAN.obj (.text:CANGetPresence)
                  0000f340    00000048     driverlib.lib : gpio.obj (.text:GPIOPinConfigure)
                  0000f388    00000048                   : sysctl.obj (.text:_SysCtlFrequencyGet)
                  0000f3d0    00000048     lwiplib.obj (.text:dhcp_check)
                  0000f418    00000048     lwiplib.obj (.text:etharp_free_entry)
                  0000f460    00000048     dataProcessing.obj (.text:presentInErrorList)
                  0000f4a8    00000048     rtsv7M4_T_le_v4SPD16_eabi.lib : fd_toi_t2.obj (.text)
                  0000f4f0    00000048     lwiplib.obj (.text:tcp_recved)
                  0000f538    00000046     lwiplib.obj (.text:pbuf_cat)
                  0000f57e    00000044     lwiplib.obj (.text:dhcp_option_short)
                  0000f5c2    00000044     lwiplib.obj (.text:etharp_send_ip)
                  0000f606    00000002     --HOLE-- [fill = 0]
                  0000f608    00000044     dataProcessing.obj (.text:getIndexByAddressGauge)
                  0000f64c    00000044     rtsv7M4_T_le_v4SPD16_eabi.lib : exit.obj (.text)
                  0000f690    00000044     lwiplib.obj (.text:tivaif_init)
                  0000f6d4    00000040     driverlib.lib : can.obj (.text:CANStatusGet)
                  0000f714    00000040                   : eeprom.obj (.text:EEPROMInit)
                  0000f754    00000040                   : gpio.obj (.text:_GPIOIntNumberGet)
                  0000f794    00000040     stringProcessing.obj (.text:removeSDCS)
                  0000f7d4    00000040     rtsv7M4_T_le_v4SPD16_eabi.lib : signal.obj (.text)
                  0000f814    0000003e     lwiplib.obj (.text:dhcp_option)
                  0000f852    00000002     --HOLE-- [fill = 0]
                  0000f854    0000003c     driverlib.lib : eeprom.obj (.text:_EEPROMSectorMaskSet)
                  0000f890    0000003c     faultProcessing.obj (.text:addToFaultSDCS)
                  0000f8cc    0000003c     lwiplib.obj (.text:autoip_arp_probe)
                  0000f908    0000003c     lwiplib.obj (.text:autoip_bind)
                  0000f944    0000003c     stringProcessing.obj (.text:clearSingleFault)
                  0000f980    0000003c     lwiplib.obj (.text:dhcp_handle_nak)
                  0000f9bc    0000003c     lwiplib.obj (.text:netif_set_up)
                  0000f9f8    0000003a     driverlib.lib : can.obj (.text:CANInit)
                  0000fa32    0000003a                   : emac.obj (.text:EMACIntEnable)
                  0000fa6c    0000003a     lwiplib.obj (.text:autoip_handle_arp_conflict)
                  0000faa6    0000003a     lwiplib.obj (.text:tcp_recv_null)
                  0000fae0    00000038     driverlib.lib : eeprom.obj (.text:EEPROMRead)
                  0000fb18    00000038                   : emac.obj (.text:EMACConfigSet)
                  0000fb50    00000038                   : sysctl.obj (.text:SysCtlPeripheralReady)
                  0000fb88    00000038     lwiplib.obj (.text:autoip_arp_announce)
                  0000fbc0    00000038     lwiplib.obj (.text:dhcp_handle_offer)
                  0000fbf8    00000038     lwiplib.obj (.text:etharp_request)
                  0000fc30    00000038     lwiplib.obj (.text:tcp_timer_needed)
                  0000fc68    00000038     lwiplib.obj (.text:tcpip_tcp_timer)
                  0000fca0    00000038     stringProcessing.obj (.text:updateSDCSDataAddress)
                  0000fcd8    00000034     driverlib.lib : emac.obj (.text:EMACConfigGet)
                  0000fd0c    00000034                   : emac.obj (.text:EMACIntClear)
                  0000fd40    00000034                   : interrupt.obj (.text:IntRegister)
                  0000fd74    00000034                   : sysctl.obj (.text:SysCtlPeripheralEnable)
                  0000fda8    00000034                   : eeprom.obj (.text:_EEPROMSectorMaskClear)
                  0000fddc    00000034     stringProcessing.obj (.text:decDecode)
                  0000fe10    00000034     rtsv7M4_T_le_v4SPD16_eabi.lib : feraiseexcept.obj (.text)
                  0000fe44    00000034     stringProcessing.obj (.text:updateFaultSDCSAddress)
                  0000fe78    00000030     stringProcessing.obj (.text:clearFault)
                  0000fea8    00000030     lwiplib.obj (.text:dhcp_arp_reply)
                  0000fed8    00000030     rtsv7M4_T_le_v4SPD16_eabi.lib : xdclass.obj (.text)
                  0000ff08    00000030                                   : xferaise.obj (.text)
                  0000ff38    00000030     Systick.obj (.text:sysTickInit)
                  0000ff68    0000002e     lwiplib.obj (.text:dhcp_set_state)
                  0000ff96    0000002e     lwiplib.obj (.text:netif_set_down)
                  0000ffc4    0000002e     lwiplib.obj (.text:pbuf_clen)
                  0000fff2    0000002e     rtsv7M4_T_le_v4SPD16_eabi.lib : i_tofd_t2.obj (.text)
                  00010020    0000002e                                   : raise.obj (.text)
                  0001004e    0000002c     driverlib.lib : emac.obj (.text:EMACIntStatus)
                  0001007a    0000002c     lwiplib.obj (.text:lwip_htonl)
                  000100a6    00000002     --HOLE-- [fill = 0]
                  000100a8    0000002c     wrappedWDT.obj (.text:watchDogHandler)
                  000100d4    0000002a     driverlib.lib : gpio.obj (.text:GPIODirModeSet)
                  000100fe    0000002a                   : can.obj (.text:_CANDataRegRead)
                  00010128    0000002a     lwiplib.obj (.text:dhcp_t1_timeout)
                  00010152    0000002a     lwiplib.obj (.text:dhcp_t2_timeout)
                  0001017c    0000002a     lwiplib.obj (.text:netif_set_addr)
                  000101a6    0000002a     rtsv7M4_T_le_v4SPD16_eabi.lib : frexp.obj (.text)
                  000101d0    0000002a     lwiplib.obj (.text:tcp_seg_copy)
                  000101fa    00000002     --HOLE-- [fill = 0]
                  000101fc    00000028     dataProcessing.obj (.text:addToErrorSDCS)
                  00010224    00000028     wrappedi2c.obj (.text:addToI2CBuffer)
                  0001024c    00000028     wrappedEEPROM.obj (.text:getEEPROMdata)
                  00010274    00000028     lwiplib.obj (.text:lwIPTimer)
                  0001029c    00000026     driverlib.lib : emac.obj (.text:EMACPHYRead)
                  000102c2    00000026                   : emac.obj (.text:EMACPHYWrite)
                  000102e8    00000024     Ethernet.obj (.text:EthernetPrint)
                  0001030c    00000024     driverlib.lib : interrupt.obj (.text:IntPrioritySet)
                  00010330    00000024     OLED.obj (.text:WriteCommand)
                  00010354    00000024     driverlib.lib : can.obj (.text:_CANDataRegWrite)
                  00010378    00000024     lwiplib.obj (.text:dhcp_delete_msg)
                  0001039c    00000024     lwiplib.obj (.text:dhcp_option_byte)
                  000103c0    00000024     configs.obj (.text:increaseDrops)
                  000103e4    00000024     lwiplib.obj (.text:lwip_htons)
                  00010408    00000024     rtsv7M4_T_le_v4SPD16_eabi.lib : memmov.obj (.text)
                  0001042c    00000024     Systick.obj (.text:timeIsOut)
                  00010450    00000022     driverlib.lib : can.obj (.text:CANIntClear)
                  00010472    00000022     lwiplib.obj (.text:netif_set_link_down)
                  00010494    00000022     lwiplib.obj (.text:pbuf_ref)
                  000104b6    00000022     rtsv7M4_T_le_v4SPD16_eabi.lib : memcmp.obj (.text)
                  000104d8    00000022     lwiplib.obj (.text:udp_new)
                  000104fa    00000020     driverlib.lib : can.obj (.text:CANIntStatus)
                  0001051a    00000002     --HOLE-- [fill = 0]
                  0001051c    00000020                   : sysctl.obj (.text:_SysCtlMemTimingGet)
                  0001053c    00000020     lwiplib.obj (.text:autoip_network_changed)
                  0001055c    00000020     Ethernet.obj (.text:closeConnectionManually)
                  0001057c    00000020     Ethernet.obj (.text:connectCallback)
                  0001059c    00000020     configs.obj (.text:increaseRetries)
                  000105bc    00000020     lwiplib.obj (.text:lwip_init)
                  000105dc    00000020     lwiplib.obj (.text:pbuf_pool_is_empty)
                  000105fc    00000020     lwiplib.obj (.text:tcp_close)
                  0001061c    00000020     lwiplib.obj (.text:tcp_seg_free)
                  0001063c    00000020     lwiplib.obj (.text:tcp_segs_free)
                  0001065c    00000020     lwiplib.obj (.text:tcp_tmr)
                  0001067c    0000001e     driverlib.lib : emac.obj (.text:EMACAddrGet)
                  0001069a    0000001e     rtsv7M4_T_le_v4SPD16_eabi.lib : strcat.obj (.text)
                  000106b8    0000001c     lwiplib.obj (.text:arp_timer)
                  000106d4    0000001c     stringProcessing.obj (.text:changeError)
                  000106f0    0000001c     lwiplib.obj (.text:dhcp_timer_coarse)
                  0001070c    0000001c     lwiplib.obj (.text:dhcp_timer_fine)
                  00010728    0000001c     OLED.obj (.text:drawCAN)
                  00010744    0000001c     OLED.obj (.text:drawLAN)
                  00010760    0000001c     OLED.obj (.text:drawTS)
                  0001077c    0000001c     lwiplib.obj (.text:lwIPLocalIPAddrGet)
                  00010798    0000001c     lwiplib.obj (.text:netif_set_default)
                  000107b4    0000001c     lwiplib.obj (.text:netif_set_gw)
                  000107d0    0000001c     lwiplib.obj (.text:netif_set_netmask)
                  000107ec    0000001c     dataProcessing.obj (.text:resetErrorSDCS)
                  00010808    0000001c     rtsv7M4_T_le_v4SPD16_eabi.lib : memccpy.obj (.text)
                  00010824    0000001c     lwiplib.obj (.text:sys_arch_unprotect)
                  00010840    0000001c     Ethernet.obj (.text:tcpErrorHandler)
                  0001085c    0000001c     lwiplib.obj (.text:tcp_next_iss)
                  00010878    0000001a     lwiplib.obj (.text:udp_recv)
                  00010892    00000018     driverlib.lib : can.obj (.text:CANIntRegister)
                  000108aa    00000018                   : can.obj (.text:CANMessageClear)
                  000108c2    00000018                   : gpio.obj (.text:GPIOIntRegister)
                  000108da    00000018                   : gpio.obj (.text:GPIOPinTypeGPIOOutput)
                  000108f2    00000018     OLED.obj (.text:OLEDsinglePrint)
                  0001090a    00000002     --HOLE-- [fill = 0]
                  0001090c    00000018     Systick.obj (.text:SysTickIntHandler)
                  00010924    00000018     dataProcessing.obj (.text:allConfigMatched)
                  0001093c    00000018     lwiplib.obj (.text:autoip_timer)
                  00010954    00000018     tactSwitch.obj (.text:clearButtonBuffer)
                  0001096c    00000018     lwiplib.obj (.text:inet_chksum)
                  00010984    00000018     wrappedEEPROM.obj (.text:loadDropToEEPROM)
                  0001099c    00000018     configs.obj (.text:loadToDrop)
                  000109b4    00000018     dataProcessing.obj (.text:noDuplicatedAddress)
                  000109cc    00000018     rtsv7M4_T_le_v4SPD16_eabi.lib : args_main.obj (.text)
                  000109e4    00000018     Systick.obj (.text:timeOutSet)
                  000109fc    00000016     driverlib.lib : emac.obj (.text:EMACReset)
                  00010a12    00000016                   : emac.obj (.text:EMACRxEnable)
                  00010a28    00000016                   : emac.obj (.text:EMACTxEnable)
                  00010a3e    00000016                   : i2c.obj (.text:I2CMasterErr)
                  00010a54    00000016     lwiplib.obj (.text:autoip_restart)
                  00010a6a    00000016     lwiplib.obj (.text:autoip_stop)
                  00010a80    00000016     wrappedEEPROM.obj (.text:getEEPROMDrop)
                  00010a96    00000016     lwiplib.obj (.text:icmp_dest_unreach)
                  00010aac    00000016     lwiplib.obj (.text:pbuf_chain)
                  00010ac2    00000016     rtsv7M4_T_le_v4SPD16_eabi.lib : strchr.obj (.text)
                  00010ad8    00000014     driverlib.lib : flash.obj (.text:FlashUserGet)
                  00010aec    00000014                   : sysctl.obj (.text:SysCtlResetCauseClear)
                  00010b00    00000014                   : systick.obj (.text:SysTickEnable)
                  00010b14    00000014                   : systick.obj (.text:SysTickIntEnable)
                  00010b28    00000014     OLED.obj (.text:drawArrow)
                  00010b3c    00000014     OLED.obj (.text:drawSDCSOK)
                  00010b50    00000014     OLED.obj (.text:drawSDCSunreachable)
                  00010b64    00000014     tactSwitch.obj (.text:getButton)
                  00010b78    00000014     wrappedEEPROM.obj (.text:loadDataToEEPROM)
                  00010b8c    00000014     dataProcessing.obj (.text:resetData)
                  00010ba0    00000014     faultProcessing.obj (.text:resetFault)
                  00010bb4    00000014     rtsv7M4_T_le_v4SPD16_eabi.lib : _lock.obj (.text)
                  00010bc8    00000014                                   : strlen.obj (.text)
                  00010bdc    00000014     wrappedEEPROM.obj (.text:setupEEPROM)
                  00010bf0    00000014     lwiplib.obj (.text:tcp_err)
                  00010c04    00000014     lwiplib.obj (.text:tcp_recv)
                  00010c18    00000012     driverlib.lib : can.obj (.text:CANRetrySet)
                  00010c2a    00000012                   : gpio.obj (.text:GPIOPinTypeCAN)
                  00010c3c    00000012                   : gpio.obj (.text:GPIOPinTypeEthernetLED)
                  00010c4e    00000012                   : gpio.obj (.text:GPIOPinTypeGPIOInput)
                  00010c60    00000012                   : gpio.obj (.text:GPIOPinTypeI2C)
                  00010c72    00000012                   : gpio.obj (.text:GPIOPinTypeI2CSCL)
                  00010c84    00000012     Ethernet.obj (.text:tcpSentCallback)
                  00010c96    00000012     lwiplib.obj (.text:tcp_arg)
                  00010ca8    00000012     lwiplib.obj (.text:tcp_sent)
                  00010cba    00000002     --HOLE-- [fill = 0]
                  00010cbc    00000010     driverlib.lib : emac.obj (.text:EMACFrameFilterSet)
                  00010ccc    00000010                   : interrupt.obj (.text:IntMasterEnable)
                  00010cdc    00000010                   : sysctl.obj (.text:SysCtlReset)
                  00010cec    00000010                   : systick.obj (.text:SysTickPeriodSet)
                  00010cfc    00000010                   : eeprom.obj (.text:_EEPROMWaitForDone)
                  00010d0c    00000010     OLED.obj (.text:deleteCAN)
                  00010d1c    00000010     OLED.obj (.text:deleteLAN)
                  00010d2c    00000010     OLED.obj (.text:deleteTS)
                  00010d3c    00000010     lwiplib.obj (.text:lwip_ntohs)
                  00010d4c    00000010     stringProcessing.obj (.text:printBody)
                  00010d5c    00000010     stringProcessing.obj (.text:printEnding)
                  00010d6c    00000010     lwiplib.obj (.text:sys_arch_protect)
                  00010d7c    0000000e     driverlib.lib : gpio.obj (.text:GPIOIntDisable)
                  00010d8a    0000000e                   : gpio.obj (.text:GPIOIntStatus)
                  00010d98    0000000e     rtsv7M4_T_le_v4SPD16_eabi.lib : copy_decompress_none.obj (.text:decompress:none)
                  00010da6    0000000e     lwiplib.obj (.text:tcp_abort)
                  00010db4    0000000c     driverlib.lib : cpu.obj (.text:CPUcpsie)
                  00010dc0    0000000c                   : gpio.obj (.text:GPIOIntEnable)
                  00010dcc    0000000c                   : sysctl.obj (.text:SysCtlMOSCConfigSet)
                  00010dd8    0000000c                   : sysctl.obj (.text:SysCtlResetCauseGet)
                  00010de4    0000000c     tactSwitch.obj (.text:buttonPressed)
                  00010df0    0000000c     rtsv7M4_T_le_v4SPD16_eabi.lib : copy_zero_init.obj (.text:decompress:ZI)
                  00010dfc    0000000c     wrappedWDT.obj (.text:feedTheDog)
                  00010e08    0000000c     configs.obj (.text:getDrops)
                  00010e14    0000000c     lwiplib.obj (.text:lwip_ntohl)
                  00010e20    0000000c     stringProcessing.obj (.text:resetDecode)
                  00010e2c    0000000c     lwiplib.obj (.text:sys_now)
                  00010e38    0000000a     driverlib.lib : can.obj (.text:CANEnable)
                  00010e42    0000000a                   : i2c.obj (.text:I2CMasterEnable)
                  00010e4c    0000000a     lwiplib.obj (.text:tcp_new)
                  00010e56    00000008     driverlib.lib : can.obj (.text:CANIntEnable)
                  00010e5e    00000008                   : emac.obj (.text:EMACTxDMAPollDemand)
                  00010e66    00000008     startup_ccs.obj (.text:FaultISR)
                  00010e6e    00000008     driverlib.lib : i2c.obj (.text:I2CMasterBusy)
                  00010e76    00000008                   : i2c.obj (.text:I2CMasterSlaveAddrSet)
                  00010e7e    00000006                   : emac.obj (.text:EMACRxDMADescriptorListSet)
                  00010e84    00000006                   : emac.obj (.text:EMACTimestampIntStatus)
                  00010e8a    00000006                   : emac.obj (.text:EMACTxDMADescriptorListSet)
                  00010e90    00000006                   : gpio.obj (.text:GPIOIntClear)
                  00010e96    00000006                   : gpio.obj (.text:GPIOPinWrite)
                  00010e9c    00000006     startup_ccs.obj (.text:ResetISR)
                  00010ea2    00000006     driverlib.lib : sysctl.obj (.text:SysCtlDelay)
                  00010ea8    00000006     rtsv7M4_T_le_v4SPD16_eabi.lib : copy_decompress_rle.obj (.text:decompress:rle24)
                  00010eae    00000004     driverlib.lib : i2c.obj (.text:I2CMasterControl)
                  00010eb2    00000004                   : i2c.obj (.text:I2CMasterDataPut)
                  00010eb6    00000004     rtsv7M4_T_le_v4SPD16_eabi.lib : pre_init.obj (.text)

.const     0    00010ebc    000008f4     
                  00010ebc    000001d6     OLED.obj (.const:font5x8)
                  00011092    00000002     --HOLE-- [fill = 0]
                  00011094    00000120     driverlib.lib : sysctl.obj (.const:g_pppui32XTALtoVCO)
                  000111b4    00000101     rtsv7M4_T_le_v4SPD16_eabi.lib : ctype.obj (.const:.string:_ctypes_)
                  000112b5    00000003     --HOLE-- [fill = 0]
                  000112b8    000000c0     driverlib.lib : gpio.obj (.const:g_ppui32GPIOIntMapBlizzard)
                  00011378    000000c0                   : gpio.obj (.const:g_ppui32GPIOIntMapSnowflake)
                  00011438    0000009c                   : interrupt.obj (.const:g_pui32Regs)
                  000114d4    00000090                   : gpio.obj (.const:g_pui32GPIOBaseAddrs)
                  00011564    0000008a     lwiplib.obj (.const:.string)
                  000115ee    00000002     --HOLE-- [fill = 0]
                  000115f0    00000070     driverlib.lib : interrupt.obj (.const)
                  00011660    0000006c                   : sysctl.obj (.const:g_pui32Xtals)
                  000116cc    00000044     lwiplib.obj (.const)
                  00011710    00000030     OLED.obj (.const:.string)
                  00011740    00000030     driverlib.lib : sysctl.obj (.const:g_sXTALtoMEMTIM)
                  00011770    00000020                   : can.obj (.const)
                  00011790    00000018                   : emac.obj (.const)
                  000117a8    00000008                   : sysctl.obj (.const)

.cinit     0    000117b0    00000f40     
                  000117b0    00000f07     (.cinit..data.load) [load image, compression = rle]
                  000126b7    00000001     --HOLE-- [fill = 0]
                  000126b8    0000000c     (__TI_handler_table)
                  000126c4    00000004     --HOLE-- [fill = 0]
                  000126c8    00000008     (.cinit..bss.load) [load image, compression = zero_init]
                  000126d0    00000008     (.cinit..vtable.load) [load image, compression = zero_init]
                  000126d8    00000018     (__TI_cinit_table)

.init_array 
*          0    00000000    00000000     UNINITIALIZED

.vtable    0    20000000    0000026c     UNINITIALIZED
                  20000000    0000026c     driverlib.lib : interrupt.obj (.vtable)

.bss       0    2000026c    0001818b     UNINITIALIZED
                  2000026c    0001001c     lwiplib.obj (.bss:ram_heap)
                  20010288    000072d4     lwiplib.obj (.bss:memp_memory)
                  2001755c    0000040c     wrappedi2c.obj (.bss:i2c_buffer)
                  20017968    00000360     lwiplib.obj (.bss:g_pTxDescriptors)
                  20017cc8    0000013a     configs.obj (.bss:thisWarehouse)
                  20017e02    00000002     (.common:ip_id)
                  20017e04    00000120     lwiplib.obj (.bss:g_pRxDescriptors)
                  20017f24    00000120     lwiplib.obj (.bss:lwip_stats)
                  20018044    00000100     stringProcessing.obj (.bss:bodyField)
                  20018144    000000c8     lwiplib.obj (.bss:arp_table)
                  2001820c    00000054     stringProcessing.obj (.bss:endingField)
                  20018260    00000038     lwiplib.obj (.bss:g_sNetIF)
                  20018298    00000031     configs.obj (.bss:currentFault)
                  200182c9    00000001     (.common:etharp_cached_entry)
                  200182ca    00000002     (.common:tcplen)
                  200182cc    00000028     lwiplib.obj (.bss:dhcp_rx_options_val)
                  200182f4    00000020     (.common:memp_tab)
                  20018314    00000014     (.common:sCANMessage)
                  20018328    00000010     (.common:inseg)
                  20018338    0000000c     (.common:dhcp_rx_options_given)
                  20018344    00000008     (.common:pui8MACArray)
                  2001834c    00000008     (.common:pui8MsgData)
                  20018354    00000004     (.common:ackno)
                  20018358    00000004     (.common:current_header)
                  2001835c    00000004     (.common:current_iphdr_dest)
                  20018360    00000004     (.common:current_iphdr_src)
                  20018364    00000004     (.common:current_netif)
                  20018368    00000004     (.common:g_pfnTimerHandler)
                  2001836c    00000004     (.common:g_ui32AbnormalInts)
                  20018370    00000004     (.common:g_ui32GWAddr)
                  20018374    00000004     (.common:g_ui32IPAddr)
                  20018378    00000004     (.common:g_ui32IPAddress)
                  2001837c    00000004     (.common:g_ui32NetMask)
                  20018380    00000004     (.common:g_ui32NormalInts)
                  20018384    00000004     (.common:g_ui32SysClock)
                  20018388    00000004     (.common:iphdr)
                  2001838c    00000004     (.common:lfree)
                  20018390    00000004     (.common:netif_default)
                  20018394    00000004     (.common:netif_list)
                  20018398    00000004     (.common:next_timeout)
                  2001839c    00000004     (.common:ram)
                  200183a0    00000004     (.common:ram_end)
                  200183a4    00000004     (.common:raw_pcbs)
                  200183a8    00000004     (.common:recv_data)
                  200183ac    00000004     (.common:seqno)
                  200183b0    00000004     (.common:sysTickCount)
                  200183b4    00000004     (.common:tcp_active_pcbs)
                  200183b8    00000004     (.common:tcp_bound_pcbs)
                  200183bc    00000004     (.common:tcp_input_pcb)
                  200183c0    00000004     (.common:tcp_listen_pcbs)
                  200183c4    00000004     (.common:tcp_ticks)
                  200183c8    00000004     (.common:tcp_tmp_pcb)
                  200183cc    00000004     (.common:tcp_tw_pcbs)
                  200183d0    00000004     (.common:tcphdr)
                  200183d4    00000004     (.common:tcpip_tcp_timer_active)
                  200183d8    00000004     (.common:thingspeakpcb)
                  200183dc    00000004     (.common:timeouts_last_time)
                  200183e0    00000004     (.common:udp_pcbs)
                  200183e4    00000004     (.common:ui32NewIPAddress)
                  200183e8    00000004     (.common:ui32Status)
                  200183ec    00000001     (.common:ethernetStatus)
                  200183ed    00000001     (.common:flags)
                  200183ee    00000001     (.common:m_col)
                  200183ef    00000001     (.common:m_row)
                  200183f0    00000001     (.common:netif_num)
                  200183f1    00000001     (.common:pbuf_free_ooseq_pending)
                  200183f2    00000001     (.common:presenceBuffer)
                  200183f3    00000001     (.common:recv_flags)
                  200183f4    00000001     (.common:tcp_active_pcbs_changed)
                  200183f5    00000001     (.common:tcp_timer)
                  200183f6    00000001     (.common:tcp_timer_ctr)

.data      0    200183f8    0000107c     UNINITIALIZED
                  200183f8    0000074b     stringProcessing.obj (.data:httpRequestString)
                  20018b43    0000074b     stringProcessing.obj (.data:originalString)
                  2001928e    00000001     OLED.obj (.data)
                  2001928f    00000001     OLEDmenu.obj (.data)
                  20019290    000000b0     rtsv7M4_T_le_v4SPD16_eabi.lib : signal.obj (.data:sigtable)
                  20019340    00000080                                   : xvalues.obj (.data)
                  200193c0    00000064     lwiplib.obj (.data)
                  20019424    0000000b     dataProcessing.obj (.data)
                  2001942f    00000001     wrappedWDT.obj (.data)
                  20019430    0000000a     tactSwitch.obj (.data)
                  2001943a    00000002     --HOLE--
                  2001943c    00000008     rtsv7M4_T_le_v4SPD16_eabi.lib : _lock.obj (.data)
                  20019444    00000008                                   : exit.obj (.data)
                  2001944c    00000008                                   : feraiseexcept.obj (.data)
                  20019454    00000008     stringProcessing.obj (.data)
                  2001945c    00000004     GPfunctions.obj (.data)
                  20019460    00000004     configs.obj (.data)
                  20019464    00000004     rtsv7M4_T_le_v4SPD16_eabi.lib : errno.obj (.data)
                  20019468    00000004                                   : stkdepth_vars.obj (.data)
                  2001946c    00000004     wrappedCAN.obj (.data)
                  20019470    00000004     wrappedi2c.obj (.data)

.TI.noinit 
*          0    2000026c    00000000     UNINITIALIZED

.TI.persistent 
*          0    200183f8    00000000     UNINITIALIZED

.stack     0    20019474    00000800     UNINITIALIZED
                  20019474    00000800     --HOLE--


LINKER GENERATED COPY TABLES

__TI_cinit_table @ 000126d8 records: 3, size/record: 8, table size: 24
	.data: load addr=000117b0, load size=00000f07 bytes, run addr=200183f8, run size=0000107c bytes, compression=rle
	.bss: load addr=000126c8, load size=00000008 bytes, run addr=2000026c, run size=0001818b bytes, compression=zero_init
	.vtable: load addr=000126d0, load size=00000008 bytes, run addr=20000000, run size=0000026c bytes, compression=zero_init


LINKER GENERATED HANDLER TABLE

__TI_handler_table @ 000126b8 records: 3, size/record: 4, table size: 12
	index: 0, handler: __TI_zero_init
	index: 1, handler: __TI_decompress_rle24
	index: 2, handler: __TI_decompress_none


GLOBAL SYMBOLS: SORTED ALPHABETICALLY BY Name 

address   name                         
-------   ----                         
0000f64d  C$$EXIT                      
00011718  CAN                          
0000df79  CANBitRateSet                
0000c9c5  CANDataRequestSend           
00010e39  CANEnable                    
0000f2f9  CANGetPresence               
00002a15  CANGetSDCSData               
0000f9f9  CANInit                      
00010451  CANIntClear                  
00010e57  CANIntEnable                 
00005e31  CANIntHandler                
00010893  CANIntRegister               
000104fb  CANIntStatus                 
000108ab  CANMessageClear              
00009961  CANMessageGet                
0000a095  CANMessageObjectsSetup       
00008bc1  CANMessageSet                
0000c87d  CANPresenceCheckSend         
00010c19  CANRetrySet                  
0000d7f1  CANSetup                     
0000f6d5  CANStatusGet                 
2001946e  CANstatus                    
00010db5  CPUcpsie                     
0000f715  EEPROMInit                   
0000b429  EEPROMProgram                
0000fae1  EEPROMRead                   
0001067d  EMACAddrGet                  
0000fcd9  EMACConfigGet                
0000fb19  EMACConfigSet                
00010cbd  EMACFrameFilterSet           
0000dbdd  EMACInit                     
0000fd0d  EMACIntClear                 
0000fa33  EMACIntEnable                
0001004f  EMACIntStatus                
0000e901  EMACPHYConfigSet             
0001029d  EMACPHYRead                  
000102c3  EMACPHYWrite                 
000109fd  EMACReset                    
00010e7f  EMACRxDMADescriptorListSet   
00010a13  EMACRxEnable                 
00010e85  EMACTimestampIntStatus       
00010e8b  EMACTxDMADescriptorListSet   
00010e5f  EMACTxDMAPollDemand          
00010a29  EMACTxEnable                 
0000badd  EthernetInit                 
000102e9  EthernetPrint                
0000b299  Ethernetwrite                
00010ad9  FlashUserGet                 
000100d5  GPIODirModeSet               
00010e91  GPIOIntClear                 
00010d7d  GPIOIntDisable               
00010dc1  GPIOIntEnable                
000108c3  GPIOIntRegister              
00010d8b  GPIOIntStatus                
0000ebc1  GPIOIntTypeSet               
00008f61  GPIOPadConfigSet             
0000f341  GPIOPinConfigure             
00010c2b  GPIOPinTypeCAN               
00010c3d  GPIOPinTypeEthernetLED       
00010c4f  GPIOPinTypeGPIOInput         
000108db  GPIOPinTypeGPIOOutput        
00010c61  GPIOPinTypeI2C               
00010c73  GPIOPinTypeI2CSCL            
00010e97  GPIOPinWrite                 
00010e6f  I2CMasterBusy                
00010eaf  I2CMasterControl             
00010eb3  I2CMasterDataPut             
00010e43  I2CMasterEnable              
00010a3f  I2CMasterErr                 
0000f0e5  I2CMasterInitExpClk          
00010e77  I2CMasterSlaveAddrSet        
000076c9  InitDMADescriptors           
0000d231  InitWatchDogTimer            
0000e1fd  IntEnable                    
00010ccd  IntMasterEnable              
0001030d  IntPrioritySet               
0000fd41  IntRegister                  
00011728  LAN                          
00007d65  OLEDbegin                    
2001928e  OLEDbroken                   
00009c85  OLEDclear                    
0000ec6d  OLEDprint                    
0000de29  OLEDprintwrap                
00007ef5  OLEDreset                    
000108f3  OLEDsinglePrint              
0000d871  OnSWdown                     
000052d1  PinoutSet                    
0000b0fd  RFIDConfig                   
00010e9d  ResetISR                     
00011738  SDCSOK                       
00011730  SDCSunreachable              
UNDEFED   SHT$$INIT_ARRAY$$Base        
UNDEFED   SHT$$INIT_ARRAY$$Limit       
0000d2b9  SWInit                       
00006261  SysCtlClockFreqSet           
00009631  SysCtlClockGet               
00010ea3  SysCtlDelay                  
00010dcd  SysCtlMOSCConfigSet          
0000fd75  SysCtlPeripheralEnable       
0000fb51  SysCtlPeripheralReady        
0000eeb5  SysCtlPeripheralReset        
00010cdd  SysCtlReset                  
00010aed  SysCtlResetCauseClear        
00010dd9  SysCtlResetCauseGet          
00010b01  SysTickEnable                
00010b15  SysTickIntEnable             
0001090d  SysTickIntHandler            
00010ced  SysTickPeriodSet             
00010331  WriteCommand                 
0000fed9  _Dclass                      
20019340  _Denorm                      
0000b7eb  _Dnorm                       
00009851  _Dscale                      
0000e53d  _Dunscale                    
20019350  _Eps                         
20019464  _Errno                       
2001944c  _Fenv                        
0000ff09  _Feraise                     
20019360  _Hugeval                     
20019370  _Inf                         
20019380  _Nan                         
200193a0  _Rteps                       
20019390  _Snan                        
20019450  _Tls_setup__Fenv             
200193b0  _Xbig                        
200193b8  _Zero                        
20019c74  __STACK_END                  
00000800  __STACK_SIZE                 
20019c74  __STACK_TOP                  
000126d8  __TI_CINIT_Base              
000126f0  __TI_CINIT_Limit             
000126b8  __TI_Handler_Table_Base      
000126c4  __TI_Handler_Table_Limit     
0000e051  __TI_auto_init               
20019444  __TI_cleanup_ptr             
00010d99  __TI_decompress_none         
00010ea9  __TI_decompress_rle24        
20019448  __TI_dtors_ptr               
00000fb5  __TI_printfi                 
00000000  __TI_static_base__           
00010df1  __TI_zero_init               
0000d451  __aeabi_cdcmpeq              
0000d451  __aeabi_cdcmple              
0000d4d7  __aeabi_cdrcmple             
0000f4a9  __aeabi_d2iz                 
0000751b  __aeabi_dadd                 
00008cf7  __aeabi_ddiv                 
0000a489  __aeabi_dmul                 
00007511  __aeabi_dsub                 
0000fff3  __aeabi_i2d                  
0000db61  __aeabi_memclr               
0000db61  __aeabi_memclr4              
0000db61  __aeabi_memclr8              
0000ce21  __aeabi_memcpy               
0000ce21  __aeabi_memcpy4              
0000ce21  __aeabi_memcpy8              
0000db63  __aeabi_memset               
0000db63  __aeabi_memset4              
0000db63  __aeabi_memset8              
00006661  __aeabi_uldivmod             
ffffffff  __binit__                    
ffffffff  __c_args__                   
20019474  __stack                      
000109cd  _args_main                   
0000eff5  _c_int00                     
000111b4  _ctypes_                     
2001943c  _lock                        
00010bc3  _nop                         
00010bbb  _register_lock               
00010bb5  _register_unlock             
00010eb7  _system_pre_init             
20019440  _unlock                      
0000f651  abort                        
000101fd  addToErrorSDCS               
0000f891  addToFaultSDCS               
0000cd85  addToFaultStation            
00010225  addToI2CBuffer               
0000e265  addressDuplicated            
00010925  allConfigMatched             
00011710  arrow8x8                     
0000f17d  atoi                         
2001928f  autoSetup                    
0000c131  autoip_arp_reply             
0001053d  autoip_network_changed       
0000cfed  autoip_start                 
00010a6b  autoip_stop                  
000087dd  autoip_tmr                   
ffffffff  binit                        
20018044  bodyField                    
20019438  buttonIsPressed              
00010de5  buttonPressed                
20019439  buttonThatWasPressed         
000106d5  changeError                  
00010955  clearButtonBuffer            
0000fe79  clearFault                   
0000f945  clearSingleFault             
0001055d  closeConnectionManually      
0000d55d  configMenu                   
000084f9  confirmConfig                
0001057d  connectCallback              
0000b1cd  connectToThingspeak          
0000f1c9  copy_in                      
2001945e  count                        
20018298  currentFault                 
20018358  current_header               
2001835c  current_iphdr_dest           
20018360  current_iphdr_src            
20018364  current_netif                
00008e2d  dataReceiveMessageObjectSetup
20019430  debouncerSw1                 
20019434  debouncerSw2                 
0000fddd  decDecode                    
00010d0d  deleteCAN                    
0000dc55  deleteGauge                  
00010d1d  deleteLAN                    
00010d2d  deleteTS                     
0000fea9  dhcp_arp_reply               
0000ef05  dhcp_coarse_tmr              
0000ecc1  dhcp_fine_tmr                
0000e66d  dhcp_network_changed         
0000a859  dhcp_release                 
0000bf1d  dhcp_renew                   
20018338  dhcp_rx_options_given        
200182cc  dhcp_rx_options_val          
0000a195  dhcp_start                   
0000ee0f  dhcp_stop                    
2001942f  dogIsFed                     
00009741  draw                         
00010b29  drawArrow                    
00010729  drawCAN                      
00010745  drawLAN                      
00010b3d  drawSDCSOK                   
00010b51  drawSDCSunreachable          
00010761  drawTS                       
20019462  drops                        
2001820c  endingField                  
0000e609  etharp_cleanup_netif         
00007879  etharp_output                
00006fd5  etharp_query                 
00009d89  etharp_raw                   
0000fbf9  etharp_request               
0000b4ed  etharp_tmr                   
00011704  ethbroadcast                 
200183ec  ethernetStatus               
0000a38d  ethernet_input               
0001170a  ethzero                      
0000f659  exit                         
00010dfd  feedTheDog                   
0000fe11  feraiseexcept                
00010ebc  font5x8                      
000101a7  frexp                        
200193d4  g_RxDescList                 
200193c4  g_TxDescList                 
2001946d  g_bErrFlag                   
2001946c  g_bRXFlag                    
20017e04  g_pRxDescriptors             
20017968  g_pTxDescriptors             
20000000  g_pfnRAMVectors              
20018368  g_pfnTimerHandler            
00000000  g_pfnVectors                 
2001836c  g_ui32AbnormalInts           
20018378  g_ui32IPAddress              
200193f0  g_ui32LocalTimer             
20018380  g_ui32NormalInts             
20018384  g_ui32SysClock               
00010b65  getButton                    
00010e09  getDrops                     
00010a81  getEEPROMDrop                
0001024d  getEEPROMdata                
0000f609  getIndexByAddressGauge       
200183f8  httpRequestString            
0000e2cd  i2cInit                      
2001755c  i2c_buffer                   
20019470  i2c_indicator                
00010a97  icmp_dest_unreach            
00006a45  icmp_input                   
000103c1  increaseDrops                
0001059d  increaseRetries              
0001096d  inet_chksum                  
0000cb05  inet_chksum_pbuf             
0000dfe5  ip4_addr_isbroadcast         
000116fc  ip_addr_any                  
00011700  ip_addr_broadcast            
00004db5  ip_input                     
0000f131  ip_output                    
0000a76d  ip_output_if                 
0000d5e1  ip_route                     
0000ee61  ldexp                        
20019425  listOfErrorSDCS              
0000ef55  loadBody                     
00010b79  loadDataToEEPROM             
00010985  loadDropToEEPROM             
0000efa5  loadEnding                   
0001099d  loadToDrop                   
0000ec17  ltoa                         
0000e335  lwIPEthernetIntHandler       
0000cba5  lwIPHostTimerHandler         
0000a67d  lwIPInit                     
0001077d  lwIPLocalIPAddrGet           
00010275  lwIPTimer                    
0001007b  lwip_htonl                   
000103e5  lwip_htons                   
000105bd  lwip_init                    
00010e15  lwip_ntohl                   
00010d3d  lwip_ntohs                   
20017f24  lwip_stats                   
200183ee  m_col                        
200183ef  m_row                        
0000e959  main                         
00006e01  mainLoop                     
20019468  main_func_sp                 
0000d341  mem_free                     
0000d9ed  mem_init                     
00008081  mem_malloc                   
00007bc9  mem_trim                     
00010809  memccpy                      
000104b7  memcmp                       
0000ce21  memcpy                       
00010409  memmove                      
0000e7ed  memp_free                    
00009e8d  memp_init                    
0000c535  memp_malloc                  
0000db69  memset                       
0000d6e9  netif_add                    
20018390  netif_default                
000076c7  netif_init                   
20018394  netif_list                   
0001017d  netif_set_addr               
00010799  netif_set_default            
0000ff97  netif_set_down               
000107b5  netif_set_gw                 
0000b5ad  netif_set_ipaddr             
00010473  netif_set_link_down          
0000ed15  netif_set_link_up            
000107d1  netif_set_netmask            
0000f9bd  netif_set_up                 
000109b5  noDuplicatedAddress          
20019454  numberBegin                  
20019424  numberOfErrorSDCS            
20018b43  originalString               
00006051  pbuf_alloc                   
0000f539  pbuf_cat                     
00010aad  pbuf_chain                   
0000ffc5  pbuf_clen                    
000092e9  pbuf_copy                    
0000a941  pbuf_copy_partial            
0000c5dd  pbuf_free                    
200183f1  pbuf_free_ooseq_pending      
0000abf5  pbuf_header                  
0000bb95  pbuf_realloc                 
00010495  pbuf_ref                     
0000e39d  peripheralSetup              
0000e405  populateDuplicatedAddress    
0000cebd  populateGaugeList            
0000553d  populateString               
0000e9b1  populateUnmatchedConfig      
200183f2  presenceBuffer               
0000f461  presentInErrorList           
00010d4d  printBody                    
00010d5d  printEnding                  
20018344  pui8MACArray                 
2001834c  pui8MsgData                  
0000a585  pumpNumberConfig             
00010021  raise                        
2000026c  ram_heap                     
0000bd01  raw_input                    
2001946f  receivedPacketFlags          
0000e46d  removeRFID                   
0000f795  removeSDCS                   
0000ea09  removeStationFromSDCS        
00010b8d  resetData                    
00010e21  resetDecode                  
000107ed  resetErrorSDCS               
00010ba1  resetFault                   
20019461  retries                      
0000b361  retryOrResetMenu             
20018314  sCANMessage                  
00006855  sendDataToThingSpeak         
00008209  sendI2CBuffer                
2001945f  sent                         
0000ea61  setCursor                    
00010bdd  setupEEPROM                  
0000f7d5  signal                       
0000da69  sortSDCSList                 
0000e6d1  sprintf                      
0000866b  stats_init                   
0001069b  strcat                       
00010ac3  strchr                       
20019458  stringPointer                
00010bc9  strlen                       
2001945c  success                      
0000e731  swapSDCS                     
200183b0  sysTickCount                 
0000ff39  sysTickInit                  
00010d6d  sys_arch_protect             
00010825  sys_arch_unprotect           
00010e2d  sys_now                      
0000ae85  sys_timeout                  
0000f045  sys_timeouts_init            
20019460  systemConfig                 
00010841  tcpErrorHandler              
0000de99  tcpRecvCallback              
00010c85  tcpSentCallback              
0000b965  tcp_abandon                  
00010da7  tcp_abort                    
200183b4  tcp_active_pcbs              
200183f4  tcp_active_pcbs_changed      
000091c1  tcp_alloc                    
00010c97  tcp_arg                      
00011564  tcp_backoff                  
200183b8  tcp_bound_pcbs               
000105fd  tcp_close                    
00007a21  tcp_connect                  
0000f2ad  tcp_eff_send_mss             
00008381  tcp_enqueue_flags            
00010bf1  tcp_err                      
0000d3c9  tcp_fasttmr                  
00008a87  tcp_init                     
00002495  tcp_input                    
200183bc  tcp_input_pcb                
0000eab9  tcp_keepalive                
200183c0  tcp_listen_pcbs              
00010e4d  tcp_new                      
0001085d  tcp_next_iss                 
00005789  tcp_output                   
000116ec  tcp_pcb_lists                
0000e193  tcp_pcb_purge                
0000cc45  tcp_pcb_remove               
00011571  tcp_persist_backoff          
0000ba21  tcp_process_refused_data     
00010c05  tcp_recv                     
0000faa7  tcp_recv_null                
0000f4f1  tcp_recved                   
0000dae5  tcp_rexmit                   
0000d115  tcp_rexmit_fast              
0000f095  tcp_rexmit_rto               
0000cf55  tcp_rst                      
000101d1  tcp_seg_copy                 
0001061d  tcp_seg_free                 
0001063d  tcp_segs_free                
0000e5a3  tcp_send_empty_ack           
0000e849  tcp_send_fin                 
00010ca9  tcp_sent                     
0000383d  tcp_slowtmr                  
200183c4  tcp_ticks                    
0000fc31  tcp_timer_needed             
200183c8  tcp_tmp_pcb                  
0001065d  tcp_tmr                      
200183cc  tcp_tw_pcbs                  
0000dd41  tcp_update_rcv_ann_wnd       
00002f41  tcp_write                    
0000adad  tcp_zero_window_probe        
00011720  thingspeak                   
200183d8  thingspeakpcb                
20017cc8  thisWarehouse                
0001042d  timeIsOut                    
000109e5  timeOutSet                   
0000f691  tivaif_init                  
0000eb11  tivaif_interrupt             
0000cce5  tivaif_process_phy_interrupt 
0000b66d  udp_bind                     
0000d1a5  udp_connect                  
00009093  udp_init                     
00004b19  udp_input                    
000104d9  udp_new                      
200183e0  udp_pcbs                     
00010879  udp_recv                     
0000eb69  udp_remove                   
00009405  udp_sendto_if                
200183e4  ui32NewIPAddress             
200183e8  ui32Status                   
0000af59  updateDrops                  
0000fe45  updateFaultSDCSAddress       
0000c7d5  updateFaultStationAddress    
0000f215  updateGaugeAddress           
000033d5  updateGaugeData              
00003c85  updateMAC                    
0000be69  updateOLEDSDCSList           
0000df09  updateOLEDSDCSStatus         
0000f261  updateOLEDicons              
00004811  updateRFIDInStation          
0000e8a5  updateRetry                  
0000fca1  updateSDCSDataAddress        
00006c29  updateStationDataSingle      
000044bd  warehouseSetup               
000100a9  watchDogHandler              
00009a71  write                        
0000c921  writeDigit                   


GLOBAL SYMBOLS: SORTED BY Symbol Address 

address   name                         
-------   ----                         
00000000  __TI_static_base__           
00000000  g_pfnVectors                 
00000800  __STACK_SIZE                 
00000fb5  __TI_printfi                 
00002495  tcp_input                    
00002a15  CANGetSDCSData               
00002f41  tcp_write                    
000033d5  updateGaugeData              
0000383d  tcp_slowtmr                  
00003c85  updateMAC                    
000044bd  warehouseSetup               
00004811  updateRFIDInStation          
00004b19  udp_input                    
00004db5  ip_input                     
000052d1  PinoutSet                    
0000553d  populateString               
00005789  tcp_output                   
00005e31  CANIntHandler                
00006051  pbuf_alloc                   
00006261  SysCtlClockFreqSet           
00006661  __aeabi_uldivmod             
00006855  sendDataToThingSpeak         
00006a45  icmp_input                   
00006c29  updateStationDataSingle      
00006e01  mainLoop                     
00006fd5  etharp_query                 
00007511  __aeabi_dsub                 
0000751b  __aeabi_dadd                 
000076c7  netif_init                   
000076c9  InitDMADescriptors           
00007879  etharp_output                
00007a21  tcp_connect                  
00007bc9  mem_trim                     
00007d65  OLEDbegin                    
00007ef5  OLEDreset                    
00008081  mem_malloc                   
00008209  sendI2CBuffer                
00008381  tcp_enqueue_flags            
000084f9  confirmConfig                
0000866b  stats_init                   
000087dd  autoip_tmr                   
00008a87  tcp_init                     
00008bc1  CANMessageSet                
00008cf7  __aeabi_ddiv                 
00008e2d  dataReceiveMessageObjectSetup
00008f61  GPIOPadConfigSet             
00009093  udp_init                     
000091c1  tcp_alloc                    
000092e9  pbuf_copy                    
00009405  udp_sendto_if                
00009631  SysCtlClockGet               
00009741  draw                         
00009851  _Dscale                      
00009961  CANMessageGet                
00009a71  write                        
00009c85  OLEDclear                    
00009d89  etharp_raw                   
00009e8d  memp_init                    
0000a095  CANMessageObjectsSetup       
0000a195  dhcp_start                   
0000a38d  ethernet_input               
0000a489  __aeabi_dmul                 
0000a585  pumpNumberConfig             
0000a67d  lwIPInit                     
0000a76d  ip_output_if                 
0000a859  dhcp_release                 
0000a941  pbuf_copy_partial            
0000abf5  pbuf_header                  
0000adad  tcp_zero_window_probe        
0000ae85  sys_timeout                  
0000af59  updateDrops                  
0000b0fd  RFIDConfig                   
0000b1cd  connectToThingspeak          
0000b299  Ethernetwrite                
0000b361  retryOrResetMenu             
0000b429  EEPROMProgram                
0000b4ed  etharp_tmr                   
0000b5ad  netif_set_ipaddr             
0000b66d  udp_bind                     
0000b7eb  _Dnorm                       
0000b965  tcp_abandon                  
0000ba21  tcp_process_refused_data     
0000badd  EthernetInit                 
0000bb95  pbuf_realloc                 
0000bd01  raw_input                    
0000be69  updateOLEDSDCSList           
0000bf1d  dhcp_renew                   
0000c131  autoip_arp_reply             
0000c535  memp_malloc                  
0000c5dd  pbuf_free                    
0000c7d5  updateFaultStationAddress    
0000c87d  CANPresenceCheckSend         
0000c921  writeDigit                   
0000c9c5  CANDataRequestSend           
0000cb05  inet_chksum_pbuf             
0000cba5  lwIPHostTimerHandler         
0000cc45  tcp_pcb_remove               
0000cce5  tivaif_process_phy_interrupt 
0000cd85  addToFaultStation            
0000ce21  __aeabi_memcpy               
0000ce21  __aeabi_memcpy4              
0000ce21  __aeabi_memcpy8              
0000ce21  memcpy                       
0000cebd  populateGaugeList            
0000cf55  tcp_rst                      
0000cfed  autoip_start                 
0000d115  tcp_rexmit_fast              
0000d1a5  udp_connect                  
0000d231  InitWatchDogTimer            
0000d2b9  SWInit                       
0000d341  mem_free                     
0000d3c9  tcp_fasttmr                  
0000d451  __aeabi_cdcmpeq              
0000d451  __aeabi_cdcmple              
0000d4d7  __aeabi_cdrcmple             
0000d55d  configMenu                   
0000d5e1  ip_route                     
0000d6e9  netif_add                    
0000d7f1  CANSetup                     
0000d871  OnSWdown                     
0000d9ed  mem_init                     
0000da69  sortSDCSList                 
0000dae5  tcp_rexmit                   
0000db61  __aeabi_memclr               
0000db61  __aeabi_memclr4              
0000db61  __aeabi_memclr8              
0000db63  __aeabi_memset               
0000db63  __aeabi_memset4              
0000db63  __aeabi_memset8              
0000db69  memset                       
0000dbdd  EMACInit                     
0000dc55  deleteGauge                  
0000dd41  tcp_update_rcv_ann_wnd       
0000de29  OLEDprintwrap                
0000de99  tcpRecvCallback              
0000df09  updateOLEDSDCSStatus         
0000df79  CANBitRateSet                
0000dfe5  ip4_addr_isbroadcast         
0000e051  __TI_auto_init               
0000e193  tcp_pcb_purge                
0000e1fd  IntEnable                    
0000e265  addressDuplicated            
0000e2cd  i2cInit                      
0000e335  lwIPEthernetIntHandler       
0000e39d  peripheralSetup              
0000e405  populateDuplicatedAddress    
0000e46d  removeRFID                   
0000e53d  _Dunscale                    
0000e5a3  tcp_send_empty_ack           
0000e609  etharp_cleanup_netif         
0000e66d  dhcp_network_changed         
0000e6d1  sprintf                      
0000e731  swapSDCS                     
0000e7ed  memp_free                    
0000e849  tcp_send_fin                 
0000e8a5  updateRetry                  
0000e901  EMACPHYConfigSet             
0000e959  main                         
0000e9b1  populateUnmatchedConfig      
0000ea09  removeStationFromSDCS        
0000ea61  setCursor                    
0000eab9  tcp_keepalive                
0000eb11  tivaif_interrupt             
0000eb69  udp_remove                   
0000ebc1  GPIOIntTypeSet               
0000ec17  ltoa                         
0000ec6d  OLEDprint                    
0000ecc1  dhcp_fine_tmr                
0000ed15  netif_set_link_up            
0000ee0f  dhcp_stop                    
0000ee61  ldexp                        
0000eeb5  SysCtlPeripheralReset        
0000ef05  dhcp_coarse_tmr              
0000ef55  loadBody                     
0000efa5  loadEnding                   
0000eff5  _c_int00                     
0000f045  sys_timeouts_init            
0000f095  tcp_rexmit_rto               
0000f0e5  I2CMasterInitExpClk          
0000f131  ip_output                    
0000f17d  atoi                         
0000f1c9  copy_in                      
0000f215  updateGaugeAddress           
0000f261  updateOLEDicons              
0000f2ad  tcp_eff_send_mss             
0000f2f9  CANGetPresence               
0000f341  GPIOPinConfigure             
0000f461  presentInErrorList           
0000f4a9  __aeabi_d2iz                 
0000f4f1  tcp_recved                   
0000f539  pbuf_cat                     
0000f609  getIndexByAddressGauge       
0000f64d  C$$EXIT                      
0000f651  abort                        
0000f659  exit                         
0000f691  tivaif_init                  
0000f6d5  CANStatusGet                 
0000f715  EEPROMInit                   
0000f795  removeSDCS                   
0000f7d5  signal                       
0000f891  addToFaultSDCS               
0000f945  clearSingleFault             
0000f9bd  netif_set_up                 
0000f9f9  CANInit                      
0000fa33  EMACIntEnable                
0000faa7  tcp_recv_null                
0000fae1  EEPROMRead                   
0000fb19  EMACConfigSet                
0000fb51  SysCtlPeripheralReady        
0000fbf9  etharp_request               
0000fc31  tcp_timer_needed             
0000fca1  updateSDCSDataAddress        
0000fcd9  EMACConfigGet                
0000fd0d  EMACIntClear                 
0000fd41  IntRegister                  
0000fd75  SysCtlPeripheralEnable       
0000fddd  decDecode                    
0000fe11  feraiseexcept                
0000fe45  updateFaultSDCSAddress       
0000fe79  clearFault                   
0000fea9  dhcp_arp_reply               
0000fed9  _Dclass                      
0000ff09  _Feraise                     
0000ff39  sysTickInit                  
0000ff97  netif_set_down               
0000ffc5  pbuf_clen                    
0000fff3  __aeabi_i2d                  
00010021  raise                        
0001004f  EMACIntStatus                
0001007b  lwip_htonl                   
000100a9  watchDogHandler              
000100d5  GPIODirModeSet               
0001017d  netif_set_addr               
000101a7  frexp                        
000101d1  tcp_seg_copy                 
000101fd  addToErrorSDCS               
00010225  addToI2CBuffer               
0001024d  getEEPROMdata                
00010275  lwIPTimer                    
0001029d  EMACPHYRead                  
000102c3  EMACPHYWrite                 
000102e9  EthernetPrint                
0001030d  IntPrioritySet               
00010331  WriteCommand                 
000103c1  increaseDrops                
000103e5  lwip_htons                   
00010409  memmove                      
0001042d  timeIsOut                    
00010451  CANIntClear                  
00010473  netif_set_link_down          
00010495  pbuf_ref                     
000104b7  memcmp                       
000104d9  udp_new                      
000104fb  CANIntStatus                 
0001053d  autoip_network_changed       
0001055d  closeConnectionManually      
0001057d  connectCallback              
0001059d  increaseRetries              
000105bd  lwip_init                    
000105fd  tcp_close                    
0001061d  tcp_seg_free                 
0001063d  tcp_segs_free                
0001065d  tcp_tmr                      
0001067d  EMACAddrGet                  
0001069b  strcat                       
000106d5  changeError                  
00010729  drawCAN                      
00010745  drawLAN                      
00010761  drawTS                       
0001077d  lwIPLocalIPAddrGet           
00010799  netif_set_default            
000107b5  netif_set_gw                 
000107d1  netif_set_netmask            
000107ed  resetErrorSDCS               
00010809  memccpy                      
00010825  sys_arch_unprotect           
00010841  tcpErrorHandler              
0001085d  tcp_next_iss                 
00010879  udp_recv                     
00010893  CANIntRegister               
000108ab  CANMessageClear              
000108c3  GPIOIntRegister              
000108db  GPIOPinTypeGPIOOutput        
000108f3  OLEDsinglePrint              
0001090d  SysTickIntHandler            
00010925  allConfigMatched             
00010955  clearButtonBuffer            
0001096d  inet_chksum                  
00010985  loadDropToEEPROM             
0001099d  loadToDrop                   
000109b5  noDuplicatedAddress          
000109cd  _args_main                   
000109e5  timeOutSet                   
000109fd  EMACReset                    
00010a13  EMACRxEnable                 
00010a29  EMACTxEnable                 
00010a3f  I2CMasterErr                 
00010a6b  autoip_stop                  
00010a81  getEEPROMDrop                
00010a97  icmp_dest_unreach            
00010aad  pbuf_chain                   
00010ac3  strchr                       
00010ad9  FlashUserGet                 
00010aed  SysCtlResetCauseClear        
00010b01  SysTickEnable                
00010b15  SysTickIntEnable             
00010b29  drawArrow                    
00010b3d  drawSDCSOK                   
00010b51  drawSDCSunreachable          
00010b65  getButton                    
00010b79  loadDataToEEPROM             
00010b8d  resetData                    
00010ba1  resetFault                   
00010bb5  _register_unlock             
00010bbb  _register_lock               
00010bc3  _nop                         
00010bc9  strlen                       
00010bdd  setupEEPROM                  
00010bf1  tcp_err                      
00010c05  tcp_recv                     
00010c19  CANRetrySet                  
00010c2b  GPIOPinTypeCAN               
00010c3d  GPIOPinTypeEthernetLED       
00010c4f  GPIOPinTypeGPIOInput         
00010c61  GPIOPinTypeI2C               
00010c73  GPIOPinTypeI2CSCL            
00010c85  tcpSentCallback              
00010c97  tcp_arg                      
00010ca9  tcp_sent                     
00010cbd  EMACFrameFilterSet           
00010ccd  IntMasterEnable              
00010cdd  SysCtlReset                  
00010ced  SysTickPeriodSet             
00010d0d  deleteCAN                    
00010d1d  deleteLAN                    
00010d2d  deleteTS                     
00010d3d  lwip_ntohs                   
00010d4d  printBody                    
00010d5d  printEnding                  
00010d6d  sys_arch_protect             
00010d7d  GPIOIntDisable               
00010d8b  GPIOIntStatus                
00010d99  __TI_decompress_none         
00010da7  tcp_abort                    
00010db5  CPUcpsie                     
00010dc1  GPIOIntEnable                
00010dcd  SysCtlMOSCConfigSet          
00010dd9  SysCtlResetCauseGet          
00010de5  buttonPressed                
00010df1  __TI_zero_init               
00010dfd  feedTheDog                   
00010e09  getDrops                     
00010e15  lwip_ntohl                   
00010e21  resetDecode                  
00010e2d  sys_now                      
00010e39  CANEnable                    
00010e43  I2CMasterEnable              
00010e4d  tcp_new                      
00010e57  CANIntEnable                 
00010e5f  EMACTxDMAPollDemand          
00010e6f  I2CMasterBusy                
00010e77  I2CMasterSlaveAddrSet        
00010e7f  EMACRxDMADescriptorListSet   
00010e85  EMACTimestampIntStatus       
00010e8b  EMACTxDMADescriptorListSet   
00010e91  GPIOIntClear                 
00010e97  GPIOPinWrite                 
00010e9d  ResetISR                     
00010ea3  SysCtlDelay                  
00010ea9  __TI_decompress_rle24        
00010eaf  I2CMasterControl             
00010eb3  I2CMasterDataPut             
00010eb7  _system_pre_init             
00010ebc  font5x8                      
000111b4  _ctypes_                     
00011564  tcp_backoff                  
00011571  tcp_persist_backoff          
000116ec  tcp_pcb_lists                
000116fc  ip_addr_any                  
00011700  ip_addr_broadcast            
00011704  ethbroadcast                 
0001170a  ethzero                      
00011710  arrow8x8                     
00011718  CAN                          
00011720  thingspeak                   
00011728  LAN                          
00011730  SDCSunreachable              
00011738  SDCSOK                       
000126b8  __TI_Handler_Table_Base      
000126c4  __TI_Handler_Table_Limit     
000126d8  __TI_CINIT_Base              
000126f0  __TI_CINIT_Limit             
20000000  g_pfnRAMVectors              
2000026c  ram_heap                     
2001755c  i2c_buffer                   
20017968  g_pTxDescriptors             
20017cc8  thisWarehouse                
20017e04  g_pRxDescriptors             
20017f24  lwip_stats                   
20018044  bodyField                    
2001820c  endingField                  
20018298  currentFault                 
200182cc  dhcp_rx_options_val          
20018314  sCANMessage                  
20018338  dhcp_rx_options_given        
20018344  pui8MACArray                 
2001834c  pui8MsgData                  
20018358  current_header               
2001835c  current_iphdr_dest           
20018360  current_iphdr_src            
20018364  current_netif                
20018368  g_pfnTimerHandler            
2001836c  g_ui32AbnormalInts           
20018378  g_ui32IPAddress              
20018380  g_ui32NormalInts             
20018384  g_ui32SysClock               
20018390  netif_default                
20018394  netif_list                   
200183b0  sysTickCount                 
200183b4  tcp_active_pcbs              
200183b8  tcp_bound_pcbs               
200183bc  tcp_input_pcb                
200183c0  tcp_listen_pcbs              
200183c4  tcp_ticks                    
200183c8  tcp_tmp_pcb                  
200183cc  tcp_tw_pcbs                  
200183d8  thingspeakpcb                
200183e0  udp_pcbs                     
200183e4  ui32NewIPAddress             
200183e8  ui32Status                   
200183ec  ethernetStatus               
200183ee  m_col                        
200183ef  m_row                        
200183f1  pbuf_free_ooseq_pending      
200183f2  presenceBuffer               
200183f4  tcp_active_pcbs_changed      
200183f8  httpRequestString            
20018b43  originalString               
2001928e  OLEDbroken                   
2001928f  autoSetup                    
20019340  _Denorm                      
20019350  _Eps                         
20019360  _Hugeval                     
20019370  _Inf                         
20019380  _Nan                         
20019390  _Snan                        
200193a0  _Rteps                       
200193b0  _Xbig                        
200193b8  _Zero                        
200193c4  g_TxDescList                 
200193d4  g_RxDescList                 
200193f0  g_ui32LocalTimer             
20019424  numberOfErrorSDCS            
20019425  listOfErrorSDCS              
2001942f  dogIsFed                     
20019430  debouncerSw1                 
20019434  debouncerSw2                 
20019438  buttonIsPressed              
20019439  buttonThatWasPressed         
2001943c  _lock                        
20019440  _unlock                      
20019444  __TI_cleanup_ptr             
20019448  __TI_dtors_ptr               
2001944c  _Fenv                        
20019450  _Tls_setup__Fenv             
20019454  numberBegin                  
20019458  stringPointer                
2001945c  success                      
2001945e  count                        
2001945f  sent                         
20019460  systemConfig                 
20019461  retries                      
20019462  drops                        
20019464  _Errno                       
20019468  main_func_sp                 
2001946c  g_bRXFlag                    
2001946d  g_bErrFlag                   
2001946e  CANstatus                    
2001946f  receivedPacketFlags          
20019470  i2c_indicator                
20019474  __stack                      
20019c74  __STACK_END                  
20019c74  __STACK_TOP                  
ffffffff  __binit__                    
ffffffff  __c_args__                   
ffffffff  binit                        
UNDEFED   SHT$$INIT_ARRAY$$Base        
UNDEFED   SHT$$INIT_ARRAY$$Limit       

[488 symbols]
