******************************************************************************
                  TI ARM Linker PC v5.2.5                      
******************************************************************************
>> Linked Fri Jun 17 11:05:22 2016

OUTPUT FILE NAME:   <enet_lwip.out>
ENTRY POINT SYMBOL: "_c_int00"  address: 0000f031


MEMORY CONFIGURATION

         name            origin    length      used     unused   attr    fill
----------------------  --------  ---------  --------  --------  ----  --------
  FLASH                 00000000   00100000  0001272a  000ed8d6  R  X
  SRAM                  20000000   00040000  00019c73  0002638d  RW X


SEGMENT ALLOCATION MAP

run origin  load origin   length   init length attrs members
----------  ----------- ---------- ----------- ----- -------
00000000    00000000    00012730   00012730    r-x
  00000000    00000000    00000200   00000200    r-- .intvecs
  00000200    00000200    00010cf6   00010cf6    r-x .text
  00010ef8    00010ef8    000008f4   000008f4    r-- .const
  000117f0    000117f0    00000f40   00000f40    r-- .cinit
20000000    20000000    00019c74   00000000    rw-
  20000000    20000000    0000026c   00000000    rw- .vtable
  2000026c    2000026c    0001818b   00000000    rw- .bss
  200183f8    200183f8    0000107c   00000000    rw- .data
  20019474    20019474    00000800   00000000    rw- .stack


SECTION ALLOCATION MAP

 output                                  attributes/
section   page    origin      length       input sections
--------  ----  ----------  ----------   ----------------
.intvecs   0    00000000    00000200     
                  00000000    00000200     startup_ccs.obj (.intvecs)

.text      0    00000200    00010cf6     
                  00000200    000010ba     rtsv7M4_T_le_v4SPD16_eabi.lib : _printfi.obj (.text)
                  000012ba    00000002     startup_ccs.obj (.text:IntDefaultHandler)
                  000012bc    00000bcc     lwiplib.obj (.text:tcp_receive)
                  00001e88    0000060c     lwiplib.obj (.text:tcp_process)
                  00002494    00000580     lwiplib.obj (.text:tcp_input)
                  00002a14    0000052c     wrappedCAN.obj (.text:CANGetSDCSData)
                  00002f40    00000494     lwiplib.obj (.text:tcp_write)
                  000033d4    00000468     stringProcessing.obj (.text:updateGaugeData)
                  0000383c    00000448     lwiplib.obj (.text:tcp_slowtmr)
                  00003c84    00000448     stringProcessing.obj (.text:updateMAC)
                  000040cc    000003f0     lwiplib.obj (.text:dhcp_parse_reply)
                  000044bc    00000354     GPfunctions.obj (.text:warehouseSetup)
                  00004810    00000308     stringProcessing.obj (.text:updateRFIDInStation)
                  00004b18    0000029c     lwiplib.obj (.text:udp_input)
                  00004db4    00000294     lwiplib.obj (.text:ip_input)
                  00005048    00000288     lwiplib.obj (.text:tivaif_receive)
                  000052d0    0000026c     pinout.obj (.text:PinoutSet)
                  0000553c    0000024c     stringProcessing.obj (.text:populateString)
                  00005788    00000244     lwiplib.obj (.text:tcp_output)
                  000059cc    0000023c     lwiplib.obj (.text:tcp_close_shutdown)
                  00005c08    0000022c     stringProcessing.obj (.text:sendDataToThingSpeak)
                  00005e34    00000228     lwiplib.obj (.text:etharp_find_entry)
                  0000605c    00000220     wrappedCAN.obj (.text:CANIntHandler)
                  0000627c    0000020e     lwiplib.obj (.text:pbuf_alloc)
                  0000648a    00000002     startup_ccs.obj (.text:NmiSR)
                  0000648c    00000204     driverlib.lib : sysctl.obj (.text:SysCtlClockFreqSet)
                  00006690    000001fc     lwiplib.obj (.text:dhcp_create_msg)
                  0000688c    000001f4     rtsv7M4_T_le_v4SPD16_eabi.lib : ull_div_t2.obj (.text)
                  00006a80    000001e4     lwiplib.obj (.text:icmp_input)
                  00006c64    000001d8     stringProcessing.obj (.text:updateStationDataSingle)
                  00006e3c    000001d4     GPfunctions.obj (.text:mainLoop)
                  00007010    000001c4     lwiplib.obj (.text:etharp_query)
                  000071d4    000001c0     lwiplib.obj (.text:etharp_arp_input)
                  00007394    000001b8     lwiplib.obj (.text:tivaif_transmit)
                  0000754c    000001b6     rtsv7M4_T_le_v4SPD16_eabi.lib : fd_add_t2.obj (.text)
                  00007702    00000002     lwiplib.obj (.text:netif_init)
                  00007704    000001b0     lwiplib.obj (.text:InitDMADescriptors)
                  000078b4    000001a8     lwiplib.obj (.text:etharp_output)
                  00007a5c    000001a8     lwiplib.obj (.text:tcp_connect)
                  00007c04    0000019c     lwiplib.obj (.text:mem_trim)
                  00007da0    00000190     OLED.obj (.text:OLEDbegin)
                  00007f30    0000018c     OLED.obj (.text:OLEDreset)
                  000080bc    00000188     lwiplib.obj (.text:mem_malloc)
                  00008244    00000178     wrappedi2c.obj (.text:sendI2CBuffer)
                  000083bc    00000178     lwiplib.obj (.text:tcp_enqueue_flags)
                  00008534    00000172     OLEDmenu.obj (.text:confirmConfig)
                  000086a6    00000002     lwiplib.obj (.text:stats_init)
                  000086a8    00000170     lwiplib.obj (.text:tcp_listen_input)
                  00008818    0000015c     lwiplib.obj (.text:autoip_tmr)
                  00008974    0000014e     lwiplib.obj (.text:dhcp_bind)
                  00008ac2    00000002     lwiplib.obj (.text:tcp_init)
                  00008ac4    00000138     lwiplib.obj (.text:dhcp_recv)
                  00008bfc    00000136     driverlib.lib : can.obj (.text:CANMessageSet)
                  00008d32    00000136     rtsv7M4_T_le_v4SPD16_eabi.lib : fd_div_t2.obj (.text)
                  00008e68    00000134     wrappedCAN.obj (.text:dataReceiveMessageObjectSetup)
                  00008f9c    00000132     driverlib.lib : gpio.obj (.text:GPIOPadConfigSet)
                  000090ce    00000002     lwiplib.obj (.text:udp_init)
                  000090d0    0000012c     lwiplib.obj (.text:tcp_output_segment)
                  000091fc    00000128     lwiplib.obj (.text:tcp_alloc)
                  00009324    0000011c     lwiplib.obj (.text:pbuf_copy)
                  00009440    00000118     lwiplib.obj (.text:udp_sendto_if)
                  00009558    00000114     lwiplib.obj (.text:dhcp_select)
                  0000966c    00000110     driverlib.lib : sysctl.obj (.text:SysCtlClockGet)
                  0000977c    00000110     OLED.obj (.text:draw)
                  0000988c    00000110     rtsv7M4_T_le_v4SPD16_eabi.lib : xdscale.obj (.text)
                  0000999c    0000010e     driverlib.lib : can.obj (.text:CANMessageGet)
                  00009aaa    00000002     --HOLE-- [fill = 0]
                  00009aac    0000010c     OLED.obj (.text:write)
                  00009bb8    00000108     lwiplib.obj (.text:dhcp_discover)
                  00009cc0    00000104     OLED.obj (.text:OLEDclear)
                  00009dc4    00000104     lwiplib.obj (.text:etharp_raw)
                  00009ec8    00000104     lwiplib.obj (.text:memp_init)
                  00009fcc    00000104     lwiplib.obj (.text:tcp_parseopt)
                  0000a0d0    00000100     wrappedCAN.obj (.text:CANMessageObjectsSetup)
                  0000a1d0    000000fc     lwiplib.obj (.text:dhcp_start)
                  0000a2cc    000000fc     lwiplib.obj (.text:etharp_update_arp_entry)
                  0000a3c8    000000fc     lwiplib.obj (.text:ethernet_input)
                  0000a4c4    000000fc     rtsv7M4_T_le_v4SPD16_eabi.lib : fd_mul_t2.obj (.text)
                  0000a5c0    000000f8     OLEDmenu.obj (.text:pumpNumberConfig)
                  0000a6b8    000000f0     lwiplib.obj (.text:lwIPInit)
                  0000a7a8    000000ec     lwiplib.obj (.text:ip_output_if)
                  0000a894    000000e8     lwiplib.obj (.text:dhcp_release)
                  0000a97c    000000e8     lwiplib.obj (.text:pbuf_copy_partial)
                  0000aa64    000000e8     lwiplib.obj (.text:tcp_create_segment)
                  0000ab4c    000000e4     lwiplib.obj (.text:lwIPServiceTimers)
                  0000ac30    000000dc     lwiplib.obj (.text:pbuf_header)
                  0000ad0c    000000dc     lwiplib.obj (.text:tivaif_hwinit)
                  0000ade8    000000d8     lwiplib.obj (.text:tcp_zero_window_probe)
                  0000aec0    000000d4     lwiplib.obj (.text:sys_timeout)
                  0000af94    000000d4     stringProcessing.obj (.text:updateDrops)
                  0000b068    000000d0     lwiplib.obj (.text:dhcp_reboot)
                  0000b138    000000cd     OLEDmenu.obj (.text:RFIDConfig)
                  0000b205    00000003     --HOLE-- [fill = 0]
                  0000b208    000000cc     Ethernet.obj (.text:connectToThingspeak)
                  0000b2d4    000000c8     Ethernet.obj (.text:Ethernetwrite)
                  0000b39c    000000c6     OLEDmenu.obj (.text:retryOrResetMenu)
                  0000b462    00000002     --HOLE-- [fill = 0]
                  0000b464    000000c4     driverlib.lib : eeprom.obj (.text:EEPROMProgram)
                  0000b528    000000c0     lwiplib.obj (.text:etharp_tmr)
                  0000b5e8    000000c0     lwiplib.obj (.text:netif_set_ipaddr)
                  0000b6a8    000000c0     lwiplib.obj (.text:udp_bind)
                  0000b768    000000be     lwiplib.obj (.text:dhcp_timeout)
                  0000b826    000000be     rtsv7M4_T_le_v4SPD16_eabi.lib : xdnorm.obj (.text)
                  0000b8e4    000000bc     lwiplib.obj (.text:dhcp_handle_ack)
                  0000b9a0    000000bc     lwiplib.obj (.text:tcp_abandon)
                  0000ba5c    000000bc     lwiplib.obj (.text:tcp_process_refused_data)
                  0000bb18    000000b8     Ethernet.obj (.text:EthernetInit)
                  0000bbd0    000000b6     lwiplib.obj (.text:pbuf_realloc)
                  0000bc86    00000002     --HOLE-- [fill = 0]
                  0000bc88    000000b4     lwiplib.obj (.text:dhcp_rebind)
                  0000bd3c    000000b4     lwiplib.obj (.text:raw_input)
                  0000bdf0    000000b4     lwiplib.obj (.text:tcp_oos_insert_segment)
                  0000bea4    000000b4     GPfunctions.obj (.text:updateOLEDSDCSList)
                  0000bf58    000000b2     lwiplib.obj (.text:dhcp_renew)
                  0000c00a    000000b2     lwiplib.obj (.text:lwip_standard_chksum)
                  0000c0bc    000000b0     lwiplib.obj (.text:tcp_timewait_input)
                  0000c16c    000000ac     lwiplib.obj (.text:autoip_arp_reply)
                  0000c218    000000ac     lwiplib.obj (.text:dhcp_decline)
                  0000c2c4    000000ac     lwiplib.obj (.text:plug_holes)
                  0000c370    000000ac     lwiplib.obj (.text:tcp_output_alloc_header)
                  0000c41c    000000aa     lwiplib.obj (.text:tcp_pbuf_prealloc)
                  0000c4c6    00000002     --HOLE-- [fill = 0]
                  0000c4c8    000000a8     lwiplib.obj (.text:lwIPLinkDetect)
                  0000c570    000000a8     lwiplib.obj (.text:memp_malloc)
                  0000c618    000000a8     lwiplib.obj (.text:pbuf_free)
                  0000c6c0    000000a8     lwiplib.obj (.text:tcp_write_checks)
                  0000c768    000000a8     lwiplib.obj (.text:tivaif_process_transmit)
                  0000c810    000000a8     stringProcessing.obj (.text:updateFaultStationAddress)
                  0000c8b8    000000a4     wrappedCAN.obj (.text:CANPresenceCheckSend)
                  0000c95c    000000a4     OLED.obj (.text:writeDigit)
                  0000ca00    000000a0     wrappedCAN.obj (.text:CANDataRequestSend)
                  0000caa0    000000a0     lwiplib.obj (.text:icmp_send_response)
                  0000cb40    000000a0     lwiplib.obj (.text:inet_chksum_pbuf)
                  0000cbe0    000000a0     Ethernet.obj (.text:lwIPHostTimerHandler)
                  0000cc80    000000a0     lwiplib.obj (.text:tcp_pcb_remove)
                  0000cd20    000000a0     lwiplib.obj (.text:tivaif_process_phy_interrupt)
                  0000cdc0    0000009c     faultProcessing.obj (.text:addToFaultStation)
                  0000ce5c    0000009c     rtsv7M4_T_le_v4SPD16_eabi.lib : memcpy_t2.obj (.text)
                  0000cef8    00000098     dataProcessing.obj (.text:populateGaugeList)
                  0000cf90    00000098     lwiplib.obj (.text:tcp_rst)
                  0000d028    00000094     lwiplib.obj (.text:autoip_start)
                  0000d0bc    00000094     lwiplib.obj (.text:tcp_new_port)
                  0000d150    0000008e     lwiplib.obj (.text:tcp_rexmit_fast)
                  0000d1de    00000002     --HOLE-- [fill = 0]
                  0000d1e0    0000008c     lwiplib.obj (.text:udp_connect)
                  0000d26c    00000088     wrappedWDT.obj (.text:InitWatchDogTimer)
                  0000d2f4    00000088     tactSwitch.obj (.text:SWInit)
                  0000d37c    00000088     lwiplib.obj (.text:mem_free)
                  0000d404    00000088     lwiplib.obj (.text:tcp_fasttmr)
                  0000d48c    00000086     rtsv7M4_T_le_v4SPD16_eabi.lib : fd_cmp_t2.obj (.text:__aeabi_cdcmple)
                  0000d512    00000086                                   : fd_cmp_t2.obj (.text:__aeabi_cdrcmple)
                  0000d598    00000084     OLEDmenu.obj (.text:configMenu)
                  0000d61c    00000084     lwiplib.obj (.text:ip_route)
                  0000d6a0    00000084     lwiplib.obj (.text:lwIPPrivateInit)
                  0000d724    00000084     lwiplib.obj (.text:netif_add)
                  0000d7a8    00000084     lwiplib.obj (.text:tcp_kill_prio)
                  0000d82c    00000080     wrappedCAN.obj (.text:CANSetup)
                  0000d8ac    00000080     tactSwitch.obj (.text:OnSWdown)
                  0000d92c    00000080     lwiplib.obj (.text:etharp_output_to_arp_index)
                  0000d9ac    0000007c     lwiplib.obj (.text:autoip_start_probing)
                  0000da28    0000007c     lwiplib.obj (.text:mem_init)
                  0000daa4    0000007c     GPfunctions.obj (.text:sortSDCSList)
                  0000db20    0000007c     lwiplib.obj (.text:tcp_rexmit)
                  0000db9c    0000007a     rtsv7M4_T_le_v4SPD16_eabi.lib : memset_t2.obj (.text)
                  0000dc16    00000002     --HOLE-- [fill = 0]
                  0000dc18    00000078     driverlib.lib : emac.obj (.text:EMACInit)
                  0000dc90    00000078     stringProcessing.obj (.text:deleteGauge)
                  0000dd08    00000074     lwiplib.obj (.text:autoip_create_addr)
                  0000dd7c    00000074     lwiplib.obj (.text:tcp_update_rcv_ann_wnd)
                  0000ddf0    00000072     lwiplib.obj (.text:dhcp_option_long)
                  0000de62    00000002     --HOLE-- [fill = 0]
                  0000de64    00000070     OLED.obj (.text:OLEDprintwrap)
                  0000ded4    00000070     Ethernet.obj (.text:tcpRecvCallback)
                  0000df44    00000070     GPfunctions.obj (.text:updateOLEDSDCSStatus)
                  0000dfb4    0000006c     driverlib.lib : can.obj (.text:CANBitRateSet)
                  0000e020    0000006c     lwiplib.obj (.text:ip4_addr_isbroadcast)
                  0000e08c    0000006c     rtsv7M4_T_le_v4SPD16_eabi.lib : autoinit.obj (.text)
                  0000e0f8    0000006c     lwiplib.obj (.text:udp_new_port)
                  0000e164    0000006a     rtsv7M4_T_le_v4SPD16_eabi.lib : copy_decompress_rle.obj (.text)
                  0000e1ce    0000006a     lwiplib.obj (.text:tcp_pcb_purge)
                  0000e238    00000068     driverlib.lib : interrupt.obj (.text:IntEnable)
                  0000e2a0    00000068     dataProcessing.obj (.text:addressDuplicated)
                  0000e308    00000068     wrappedi2c.obj (.text:i2cInit)
                  0000e370    00000068     lwiplib.obj (.text:lwIPEthernetIntHandler)
                  0000e3d8    00000068     GPfunctions.obj (.text:peripheralSetup)
                  0000e440    00000068     dataProcessing.obj (.text:populateDuplicatedAddress)
                  0000e4a8    00000068     stringProcessing.obj (.text:removeRFID)
                  0000e510    00000068     lwiplib.obj (.text:tivaif_check_pbuf)
                  0000e578    00000066     rtsv7M4_T_le_v4SPD16_eabi.lib : xdunscal.obj (.text)
                  0000e5de    00000066     lwiplib.obj (.text:tcp_send_empty_ack)
                  0000e644    00000064     lwiplib.obj (.text:etharp_cleanup_netif)
                  0000e6a8    00000062     lwiplib.obj (.text:dhcp_network_changed)
                  0000e70a    00000002     --HOLE-- [fill = 0]
                  0000e70c    00000060     rtsv7M4_T_le_v4SPD16_eabi.lib : sprintf.obj (.text)
                  0000e76c    00000060     GPfunctions.obj (.text:swapSDCS)
                  0000e7cc    0000005c     driverlib.lib : can.obj (.text:_CANIntNumberGet)
                  0000e828    0000005c     lwiplib.obj (.text:memp_free)
                  0000e884    0000005c     lwiplib.obj (.text:tcp_send_fin)
                  0000e8e0    0000005c     stringProcessing.obj (.text:updateRetry)
                  0000e93c    00000058     driverlib.lib : emac.obj (.text:EMACPHYConfigSet)
                  0000e994    00000058     enet_lwip.obj (.text:main)
                  0000e9ec    00000058     dataProcessing.obj (.text:populateUnmatchedConfig)
                  0000ea44    00000058     stringProcessing.obj (.text:removeStationFromSDCS)
                  0000ea9c    00000058     OLED.obj (.text:setCursor)
                  0000eaf4    00000058     lwiplib.obj (.text:tcp_keepalive)
                  0000eb4c    00000058     lwiplib.obj (.text:tivaif_interrupt)
                  0000eba4    00000058     lwiplib.obj (.text:udp_remove)
                  0000ebfc    00000056     driverlib.lib : gpio.obj (.text:GPIOIntTypeSet)
                  0000ec52    00000056     rtsv7M4_T_le_v4SPD16_eabi.lib : ltoa.obj (.text)
                  0000eca8    00000054     OLED.obj (.text:OLEDprint)
                  0000ecfc    00000054     lwiplib.obj (.text:dhcp_fine_tmr)
                  0000ed50    00000054     lwiplib.obj (.text:netif_set_link_up)
                  0000eda4    00000054     lwiplib.obj (.text:tcp_kill_timewait)
                  0000edf8    00000052     lwiplib.obj (.text:dhcp_option_trailer)
                  0000ee4a    00000052     lwiplib.obj (.text:dhcp_stop)
                  0000ee9c    00000052     rtsv7M4_T_le_v4SPD16_eabi.lib : ldexp.obj (.text)
                  0000eeee    00000002     --HOLE-- [fill = 0]
                  0000eef0    00000050     driverlib.lib : sysctl.obj (.text:SysCtlPeripheralReset)
                  0000ef40    00000050     lwiplib.obj (.text:dhcp_coarse_tmr)
                  0000ef90    00000050     stringProcessing.obj (.text:loadBody)
                  0000efe0    00000050     stringProcessing.obj (.text:loadEnding)
                  0000f030    00000050     rtsv7M4_T_le_v4SPD16_eabi.lib : boot.obj (.text)
                  0000f080    00000050     lwiplib.obj (.text:sys_timeouts_init)
                  0000f0d0    00000050     lwiplib.obj (.text:tcp_rexmit_rto)
                  0000f120    0000004c     driverlib.lib : i2c.obj (.text:I2CMasterInitExpClk)
                  0000f16c    0000004c     lwiplib.obj (.text:ip_output)
                  0000f1b8    0000004c     rtsv7M4_T_le_v4SPD16_eabi.lib : atoi.obj (.text)
                  0000f204    0000004c                                   : cpy_tbl.obj (.text)
                  0000f250    0000004c     stringProcessing.obj (.text:updateGaugeAddress)
                  0000f29c    0000004c     GPfunctions.obj (.text:updateOLEDicons)
                  0000f2e8    0000004a     lwiplib.obj (.text:tcp_eff_send_mss)
                  0000f332    00000002     --HOLE-- [fill = 0]
                  0000f334    00000048     wrappedCAN.obj (.text:CANGetPresence)
                  0000f37c    00000048     driverlib.lib : gpio.obj (.text:GPIOPinConfigure)
                  0000f3c4    00000048                   : sysctl.obj (.text:_SysCtlFrequencyGet)
                  0000f40c    00000048     lwiplib.obj (.text:dhcp_check)
                  0000f454    00000048     lwiplib.obj (.text:etharp_free_entry)
                  0000f49c    00000048     dataProcessing.obj (.text:presentInErrorList)
                  0000f4e4    00000048     rtsv7M4_T_le_v4SPD16_eabi.lib : fd_toi_t2.obj (.text)
                  0000f52c    00000048     lwiplib.obj (.text:tcp_recved)
                  0000f574    00000046     lwiplib.obj (.text:pbuf_cat)
                  0000f5ba    00000044     lwiplib.obj (.text:dhcp_option_short)
                  0000f5fe    00000044     lwiplib.obj (.text:etharp_send_ip)
                  0000f642    00000002     --HOLE-- [fill = 0]
                  0000f644    00000044     dataProcessing.obj (.text:getIndexByAddressGauge)
                  0000f688    00000044     rtsv7M4_T_le_v4SPD16_eabi.lib : exit.obj (.text)
                  0000f6cc    00000044     lwiplib.obj (.text:tivaif_init)
                  0000f710    00000040     driverlib.lib : can.obj (.text:CANStatusGet)
                  0000f750    00000040                   : eeprom.obj (.text:EEPROMInit)
                  0000f790    00000040                   : gpio.obj (.text:_GPIOIntNumberGet)
                  0000f7d0    00000040     stringProcessing.obj (.text:removeSDCS)
                  0000f810    00000040     rtsv7M4_T_le_v4SPD16_eabi.lib : signal.obj (.text)
                  0000f850    0000003e     lwiplib.obj (.text:dhcp_option)
                  0000f88e    00000002     --HOLE-- [fill = 0]
                  0000f890    0000003c     driverlib.lib : eeprom.obj (.text:_EEPROMSectorMaskSet)
                  0000f8cc    0000003c     faultProcessing.obj (.text:addToFaultSDCS)
                  0000f908    0000003c     lwiplib.obj (.text:autoip_arp_probe)
                  0000f944    0000003c     lwiplib.obj (.text:autoip_bind)
                  0000f980    0000003c     stringProcessing.obj (.text:clearSingleFault)
                  0000f9bc    0000003c     lwiplib.obj (.text:dhcp_handle_nak)
                  0000f9f8    0000003c     lwiplib.obj (.text:netif_set_up)
                  0000fa34    0000003a     driverlib.lib : can.obj (.text:CANInit)
                  0000fa6e    0000003a                   : emac.obj (.text:EMACIntEnable)
                  0000faa8    0000003a     lwiplib.obj (.text:autoip_handle_arp_conflict)
                  0000fae2    0000003a     lwiplib.obj (.text:tcp_recv_null)
                  0000fb1c    00000038     driverlib.lib : eeprom.obj (.text:EEPROMRead)
                  0000fb54    00000038                   : emac.obj (.text:EMACConfigSet)
                  0000fb8c    00000038                   : sysctl.obj (.text:SysCtlPeripheralReady)
                  0000fbc4    00000038     lwiplib.obj (.text:autoip_arp_announce)
                  0000fbfc    00000038     lwiplib.obj (.text:dhcp_handle_offer)
                  0000fc34    00000038     lwiplib.obj (.text:etharp_request)
                  0000fc6c    00000038     lwiplib.obj (.text:tcp_timer_needed)
                  0000fca4    00000038     lwiplib.obj (.text:tcpip_tcp_timer)
                  0000fcdc    00000038     stringProcessing.obj (.text:updateSDCSDataAddress)
                  0000fd14    00000034     driverlib.lib : emac.obj (.text:EMACConfigGet)
                  0000fd48    00000034                   : emac.obj (.text:EMACIntClear)
                  0000fd7c    00000034                   : interrupt.obj (.text:IntRegister)
                  0000fdb0    00000034                   : sysctl.obj (.text:SysCtlPeripheralEnable)
                  0000fde4    00000034                   : eeprom.obj (.text:_EEPROMSectorMaskClear)
                  0000fe18    00000034     stringProcessing.obj (.text:decDecode)
                  0000fe4c    00000034     rtsv7M4_T_le_v4SPD16_eabi.lib : feraiseexcept.obj (.text)
                  0000fe80    00000034     stringProcessing.obj (.text:updateFaultSDCSAddress)
                  0000feb4    00000030     stringProcessing.obj (.text:clearFault)
                  0000fee4    00000030     lwiplib.obj (.text:dhcp_arp_reply)
                  0000ff14    00000030     rtsv7M4_T_le_v4SPD16_eabi.lib : xdclass.obj (.text)
                  0000ff44    00000030                                   : xferaise.obj (.text)
                  0000ff74    00000030     Systick.obj (.text:sysTickInit)
                  0000ffa4    0000002e     lwiplib.obj (.text:dhcp_set_state)
                  0000ffd2    0000002e     lwiplib.obj (.text:netif_set_down)
                  00010000    0000002e     lwiplib.obj (.text:pbuf_clen)
                  0001002e    0000002e     rtsv7M4_T_le_v4SPD16_eabi.lib : i_tofd_t2.obj (.text)
                  0001005c    0000002e                                   : raise.obj (.text)
                  0001008a    0000002c     driverlib.lib : emac.obj (.text:EMACIntStatus)
                  000100b6    0000002c     lwiplib.obj (.text:lwip_htonl)
                  000100e2    00000002     --HOLE-- [fill = 0]
                  000100e4    0000002c     wrappedWDT.obj (.text:watchDogHandler)
                  00010110    0000002a     driverlib.lib : gpio.obj (.text:GPIODirModeSet)
                  0001013a    0000002a                   : can.obj (.text:_CANDataRegRead)
                  00010164    0000002a     lwiplib.obj (.text:dhcp_t1_timeout)
                  0001018e    0000002a     lwiplib.obj (.text:dhcp_t2_timeout)
                  000101b8    0000002a     lwiplib.obj (.text:netif_set_addr)
                  000101e2    0000002a     rtsv7M4_T_le_v4SPD16_eabi.lib : frexp.obj (.text)
                  0001020c    0000002a     lwiplib.obj (.text:tcp_seg_copy)
                  00010236    00000002     --HOLE-- [fill = 0]
                  00010238    00000028     dataProcessing.obj (.text:addToErrorSDCS)
                  00010260    00000028     wrappedi2c.obj (.text:addToI2CBuffer)
                  00010288    00000028     wrappedEEPROM.obj (.text:getEEPROMdata)
                  000102b0    00000028     lwiplib.obj (.text:lwIPTimer)
                  000102d8    00000026     driverlib.lib : emac.obj (.text:EMACPHYRead)
                  000102fe    00000026                   : emac.obj (.text:EMACPHYWrite)
                  00010324    00000024     Ethernet.obj (.text:EthernetPrint)
                  00010348    00000024     driverlib.lib : interrupt.obj (.text:IntPrioritySet)
                  0001036c    00000024     OLED.obj (.text:WriteCommand)
                  00010390    00000024     driverlib.lib : can.obj (.text:_CANDataRegWrite)
                  000103b4    00000024     lwiplib.obj (.text:dhcp_delete_msg)
                  000103d8    00000024     lwiplib.obj (.text:dhcp_option_byte)
                  000103fc    00000024     configs.obj (.text:increaseDrops)
                  00010420    00000024     lwiplib.obj (.text:lwip_htons)
                  00010444    00000024     rtsv7M4_T_le_v4SPD16_eabi.lib : memmov.obj (.text)
                  00010468    00000024     Systick.obj (.text:timeIsOut)
                  0001048c    00000022     driverlib.lib : can.obj (.text:CANIntClear)
                  000104ae    00000022     lwiplib.obj (.text:netif_set_link_down)
                  000104d0    00000022     lwiplib.obj (.text:pbuf_ref)
                  000104f2    00000022     rtsv7M4_T_le_v4SPD16_eabi.lib : memcmp.obj (.text)
                  00010514    00000022     lwiplib.obj (.text:udp_new)
                  00010536    00000020     driverlib.lib : can.obj (.text:CANIntStatus)
                  00010556    00000002     --HOLE-- [fill = 0]
                  00010558    00000020                   : sysctl.obj (.text:_SysCtlMemTimingGet)
                  00010578    00000020     lwiplib.obj (.text:autoip_network_changed)
                  00010598    00000020     Ethernet.obj (.text:closeConnectionManually)
                  000105b8    00000020     Ethernet.obj (.text:connectCallback)
                  000105d8    00000020     configs.obj (.text:increaseRetries)
                  000105f8    00000020     lwiplib.obj (.text:lwip_init)
                  00010618    00000020     lwiplib.obj (.text:pbuf_pool_is_empty)
                  00010638    00000020     lwiplib.obj (.text:tcp_close)
                  00010658    00000020     lwiplib.obj (.text:tcp_seg_free)
                  00010678    00000020     lwiplib.obj (.text:tcp_segs_free)
                  00010698    00000020     lwiplib.obj (.text:tcp_tmr)
                  000106b8    0000001e     driverlib.lib : emac.obj (.text:EMACAddrGet)
                  000106d6    0000001e     rtsv7M4_T_le_v4SPD16_eabi.lib : strcat.obj (.text)
                  000106f4    0000001c     lwiplib.obj (.text:arp_timer)
                  00010710    0000001c     stringProcessing.obj (.text:changeError)
                  0001072c    0000001c     lwiplib.obj (.text:dhcp_timer_coarse)
                  00010748    0000001c     lwiplib.obj (.text:dhcp_timer_fine)
                  00010764    0000001c     OLED.obj (.text:drawCAN)
                  00010780    0000001c     OLED.obj (.text:drawLAN)
                  0001079c    0000001c     OLED.obj (.text:drawTS)
                  000107b8    0000001c     lwiplib.obj (.text:lwIPLocalIPAddrGet)
                  000107d4    0000001c     lwiplib.obj (.text:netif_set_default)
                  000107f0    0000001c     lwiplib.obj (.text:netif_set_gw)
                  0001080c    0000001c     lwiplib.obj (.text:netif_set_netmask)
                  00010828    0000001c     dataProcessing.obj (.text:resetErrorSDCS)
                  00010844    0000001c     rtsv7M4_T_le_v4SPD16_eabi.lib : memccpy.obj (.text)
                  00010860    0000001c     lwiplib.obj (.text:sys_arch_unprotect)
                  0001087c    0000001c     Ethernet.obj (.text:tcpErrorHandler)
                  00010898    0000001c     lwiplib.obj (.text:tcp_next_iss)
                  000108b4    0000001a     lwiplib.obj (.text:udp_recv)
                  000108ce    00000018     driverlib.lib : can.obj (.text:CANIntRegister)
                  000108e6    00000018                   : can.obj (.text:CANMessageClear)
                  000108fe    00000018                   : gpio.obj (.text:GPIOIntRegister)
                  00010916    00000018                   : gpio.obj (.text:GPIOPinTypeGPIOOutput)
                  0001092e    00000018     OLED.obj (.text:OLEDsinglePrint)
                  00010946    00000002     --HOLE-- [fill = 0]
                  00010948    00000018     Systick.obj (.text:SysTickIntHandler)
                  00010960    00000018     dataProcessing.obj (.text:allConfigMatched)
                  00010978    00000018     lwiplib.obj (.text:autoip_timer)
                  00010990    00000018     tactSwitch.obj (.text:clearButtonBuffer)
                  000109a8    00000018     lwiplib.obj (.text:inet_chksum)
                  000109c0    00000018     wrappedEEPROM.obj (.text:loadDropToEEPROM)
                  000109d8    00000018     configs.obj (.text:loadToDrop)
                  000109f0    00000018     dataProcessing.obj (.text:noDuplicatedAddress)
                  00010a08    00000018     rtsv7M4_T_le_v4SPD16_eabi.lib : args_main.obj (.text)
                  00010a20    00000018     Systick.obj (.text:timeOutSet)
                  00010a38    00000016     driverlib.lib : emac.obj (.text:EMACReset)
                  00010a4e    00000016                   : emac.obj (.text:EMACRxEnable)
                  00010a64    00000016                   : emac.obj (.text:EMACTxEnable)
                  00010a7a    00000016                   : i2c.obj (.text:I2CMasterErr)
                  00010a90    00000016     lwiplib.obj (.text:autoip_restart)
                  00010aa6    00000016     lwiplib.obj (.text:autoip_stop)
                  00010abc    00000016     wrappedEEPROM.obj (.text:getEEPROMDrop)
                  00010ad2    00000016     lwiplib.obj (.text:icmp_dest_unreach)
                  00010ae8    00000016     lwiplib.obj (.text:pbuf_chain)
                  00010afe    00000016     rtsv7M4_T_le_v4SPD16_eabi.lib : strchr.obj (.text)
                  00010b14    00000014     driverlib.lib : flash.obj (.text:FlashUserGet)
                  00010b28    00000014                   : sysctl.obj (.text:SysCtlResetCauseClear)
                  00010b3c    00000014                   : systick.obj (.text:SysTickEnable)
                  00010b50    00000014                   : systick.obj (.text:SysTickIntEnable)
                  00010b64    00000014     OLED.obj (.text:drawArrow)
                  00010b78    00000014     OLED.obj (.text:drawSDCSOK)
                  00010b8c    00000014     OLED.obj (.text:drawSDCSunreachable)
                  00010ba0    00000014     tactSwitch.obj (.text:getButton)
                  00010bb4    00000014     wrappedEEPROM.obj (.text:loadDataToEEPROM)
                  00010bc8    00000014     dataProcessing.obj (.text:resetData)
                  00010bdc    00000014     faultProcessing.obj (.text:resetFault)
                  00010bf0    00000014     rtsv7M4_T_le_v4SPD16_eabi.lib : _lock.obj (.text)
                  00010c04    00000014                                   : strlen.obj (.text)
                  00010c18    00000014     wrappedEEPROM.obj (.text:setupEEPROM)
                  00010c2c    00000014     lwiplib.obj (.text:tcp_err)
                  00010c40    00000014     lwiplib.obj (.text:tcp_recv)
                  00010c54    00000012     driverlib.lib : can.obj (.text:CANRetrySet)
                  00010c66    00000012                   : gpio.obj (.text:GPIOPinTypeCAN)
                  00010c78    00000012                   : gpio.obj (.text:GPIOPinTypeEthernetLED)
                  00010c8a    00000012                   : gpio.obj (.text:GPIOPinTypeGPIOInput)
                  00010c9c    00000012                   : gpio.obj (.text:GPIOPinTypeI2C)
                  00010cae    00000012                   : gpio.obj (.text:GPIOPinTypeI2CSCL)
                  00010cc0    00000012     Ethernet.obj (.text:tcpSentCallback)
                  00010cd2    00000012     lwiplib.obj (.text:tcp_arg)
                  00010ce4    00000012     lwiplib.obj (.text:tcp_sent)
                  00010cf6    00000002     --HOLE-- [fill = 0]
                  00010cf8    00000010     driverlib.lib : emac.obj (.text:EMACFrameFilterSet)
                  00010d08    00000010                   : interrupt.obj (.text:IntMasterEnable)
                  00010d18    00000010                   : sysctl.obj (.text:SysCtlReset)
                  00010d28    00000010                   : systick.obj (.text:SysTickPeriodSet)
                  00010d38    00000010                   : eeprom.obj (.text:_EEPROMWaitForDone)
                  00010d48    00000010     OLED.obj (.text:deleteCAN)
                  00010d58    00000010     OLED.obj (.text:deleteLAN)
                  00010d68    00000010     OLED.obj (.text:deleteTS)
                  00010d78    00000010     lwiplib.obj (.text:lwip_ntohs)
                  00010d88    00000010     stringProcessing.obj (.text:printBody)
                  00010d98    00000010     stringProcessing.obj (.text:printEnding)
                  00010da8    00000010     lwiplib.obj (.text:sys_arch_protect)
                  00010db8    0000000e     driverlib.lib : gpio.obj (.text:GPIOIntDisable)
                  00010dc6    0000000e                   : gpio.obj (.text:GPIOIntStatus)
                  00010dd4    0000000e     rtsv7M4_T_le_v4SPD16_eabi.lib : copy_decompress_none.obj (.text:decompress:none)
                  00010de2    0000000e     lwiplib.obj (.text:tcp_abort)
                  00010df0    0000000c     driverlib.lib : cpu.obj (.text:CPUcpsie)
                  00010dfc    0000000c                   : gpio.obj (.text:GPIOIntEnable)
                  00010e08    0000000c                   : sysctl.obj (.text:SysCtlMOSCConfigSet)
                  00010e14    0000000c                   : sysctl.obj (.text:SysCtlResetCauseGet)
                  00010e20    0000000c     tactSwitch.obj (.text:buttonPressed)
                  00010e2c    0000000c     rtsv7M4_T_le_v4SPD16_eabi.lib : copy_zero_init.obj (.text:decompress:ZI)
                  00010e38    0000000c     wrappedWDT.obj (.text:feedTheDog)
                  00010e44    0000000c     configs.obj (.text:getDrops)
                  00010e50    0000000c     lwiplib.obj (.text:lwip_ntohl)
                  00010e5c    0000000c     stringProcessing.obj (.text:resetDecode)
                  00010e68    0000000c     lwiplib.obj (.text:sys_now)
                  00010e74    0000000a     driverlib.lib : can.obj (.text:CANEnable)
                  00010e7e    0000000a                   : i2c.obj (.text:I2CMasterEnable)
                  00010e88    0000000a     lwiplib.obj (.text:tcp_new)
                  00010e92    00000008     driverlib.lib : can.obj (.text:CANIntEnable)
                  00010e9a    00000008                   : emac.obj (.text:EMACTxDMAPollDemand)
                  00010ea2    00000008     startup_ccs.obj (.text:FaultISR)
                  00010eaa    00000008     driverlib.lib : i2c.obj (.text:I2CMasterBusy)
                  00010eb2    00000008                   : i2c.obj (.text:I2CMasterSlaveAddrSet)
                  00010eba    00000006                   : emac.obj (.text:EMACRxDMADescriptorListSet)
                  00010ec0    00000006                   : emac.obj (.text:EMACTimestampIntStatus)
                  00010ec6    00000006                   : emac.obj (.text:EMACTxDMADescriptorListSet)
                  00010ecc    00000006                   : gpio.obj (.text:GPIOIntClear)
                  00010ed2    00000006                   : gpio.obj (.text:GPIOPinWrite)
                  00010ed8    00000006     startup_ccs.obj (.text:ResetISR)
                  00010ede    00000006     driverlib.lib : sysctl.obj (.text:SysCtlDelay)
                  00010ee4    00000006     rtsv7M4_T_le_v4SPD16_eabi.lib : copy_decompress_rle.obj (.text:decompress:rle24)
                  00010eea    00000004     driverlib.lib : i2c.obj (.text:I2CMasterControl)
                  00010eee    00000004                   : i2c.obj (.text:I2CMasterDataPut)
                  00010ef2    00000004     rtsv7M4_T_le_v4SPD16_eabi.lib : pre_init.obj (.text)

.const     0    00010ef8    000008f4     
                  00010ef8    000001d6     OLED.obj (.const:font5x8)
                  000110ce    00000002     --HOLE-- [fill = 0]
                  000110d0    00000120     driverlib.lib : sysctl.obj (.const:g_pppui32XTALtoVCO)
                  000111f0    00000101     rtsv7M4_T_le_v4SPD16_eabi.lib : ctype.obj (.const:.string:_ctypes_)
                  000112f1    00000003     --HOLE-- [fill = 0]
                  000112f4    000000c0     driverlib.lib : gpio.obj (.const:g_ppui32GPIOIntMapBlizzard)
                  000113b4    000000c0                   : gpio.obj (.const:g_ppui32GPIOIntMapSnowflake)
                  00011474    0000009c                   : interrupt.obj (.const:g_pui32Regs)
                  00011510    00000090                   : gpio.obj (.const:g_pui32GPIOBaseAddrs)
                  000115a0    0000008a     lwiplib.obj (.const:.string)
                  0001162a    00000002     --HOLE-- [fill = 0]
                  0001162c    00000070     driverlib.lib : interrupt.obj (.const)
                  0001169c    0000006c                   : sysctl.obj (.const:g_pui32Xtals)
                  00011708    00000044     lwiplib.obj (.const)
                  0001174c    00000030     OLED.obj (.const:.string)
                  0001177c    00000030     driverlib.lib : sysctl.obj (.const:g_sXTALtoMEMTIM)
                  000117ac    00000020                   : can.obj (.const)
                  000117cc    00000018                   : emac.obj (.const)
                  000117e4    00000008                   : sysctl.obj (.const)

.cinit     0    000117f0    00000f40     
                  000117f0    00000f07     (.cinit..data.load) [load image, compression = rle]
                  000126f7    00000001     --HOLE-- [fill = 0]
                  000126f8    0000000c     (__TI_handler_table)
                  00012704    00000004     --HOLE-- [fill = 0]
                  00012708    00000008     (.cinit..bss.load) [load image, compression = zero_init]
                  00012710    00000008     (.cinit..vtable.load) [load image, compression = zero_init]
                  00012718    00000018     (__TI_cinit_table)

.init_array 
*          0    00000000    00000000     UNINITIALIZED

.vtable    0    20000000    0000026c     UNINITIALIZED
                  20000000    0000026c     driverlib.lib : interrupt.obj (.vtable)

.bss       0    2000026c    0001818b     UNINITIALIZED
                  2000026c    0001001c     lwiplib.obj (.bss:ram_heap)
                  20010288    000072d4     lwiplib.obj (.bss:memp_memory)
                  2001755c    0000040c     wrappedi2c.obj (.bss:i2c_buffer)
                  20017968    00000360     lwiplib.obj (.bss:g_pTxDescriptors)
                  20017cc8    0000013a     configs.obj (.bss:thisWarehouse)
                  20017e02    00000002     (.common:ip_id)
                  20017e04    00000120     lwiplib.obj (.bss:g_pRxDescriptors)
                  20017f24    00000120     lwiplib.obj (.bss:lwip_stats)
                  20018044    00000100     stringProcessing.obj (.bss:bodyField)
                  20018144    000000c8     lwiplib.obj (.bss:arp_table)
                  2001820c    00000054     stringProcessing.obj (.bss:endingField)
                  20018260    00000038     lwiplib.obj (.bss:g_sNetIF)
                  20018298    00000031     configs.obj (.bss:currentFault)
                  200182c9    00000001     (.common:etharp_cached_entry)
                  200182ca    00000002     (.common:tcplen)
                  200182cc    00000028     lwiplib.obj (.bss:dhcp_rx_options_val)
                  200182f4    00000020     (.common:memp_tab)
                  20018314    00000014     (.common:sCANMessage)
                  20018328    00000010     (.common:inseg)
                  20018338    0000000c     (.common:dhcp_rx_options_given)
                  20018344    00000008     (.common:pui8MACArray)
                  2001834c    00000008     (.common:pui8MsgData)
                  20018354    00000004     (.common:ackno)
                  20018358    00000004     (.common:current_header)
                  2001835c    00000004     (.common:current_iphdr_dest)
                  20018360    00000004     (.common:current_iphdr_src)
                  20018364    00000004     (.common:current_netif)
                  20018368    00000004     (.common:g_pfnTimerHandler)
                  2001836c    00000004     (.common:g_ui32AbnormalInts)
                  20018370    00000004     (.common:g_ui32GWAddr)
                  20018374    00000004     (.common:g_ui32IPAddr)
                  20018378    00000004     (.common:g_ui32IPAddress)
                  2001837c    00000004     (.common:g_ui32NetMask)
                  20018380    00000004     (.common:g_ui32NormalInts)
                  20018384    00000004     (.common:g_ui32SysClock)
                  20018388    00000004     (.common:iphdr)
                  2001838c    00000004     (.common:lfree)
                  20018390    00000004     (.common:netif_default)
                  20018394    00000004     (.common:netif_list)
                  20018398    00000004     (.common:next_timeout)
                  2001839c    00000004     (.common:ram)
                  200183a0    00000004     (.common:ram_end)
                  200183a4    00000004     (.common:raw_pcbs)
                  200183a8    00000004     (.common:recv_data)
                  200183ac    00000004     (.common:seqno)
                  200183b0    00000004     (.common:sysTickCount)
                  200183b4    00000004     (.common:tcp_active_pcbs)
                  200183b8    00000004     (.common:tcp_bound_pcbs)
                  200183bc    00000004     (.common:tcp_input_pcb)
                  200183c0    00000004     (.common:tcp_listen_pcbs)
                  200183c4    00000004     (.common:tcp_ticks)
                  200183c8    00000004     (.common:tcp_tmp_pcb)
                  200183cc    00000004     (.common:tcp_tw_pcbs)
                  200183d0    00000004     (.common:tcphdr)
                  200183d4    00000004     (.common:tcpip_tcp_timer_active)
                  200183d8    00000004     (.common:thingspeakpcb)
                  200183dc    00000004     (.common:timeouts_last_time)
                  200183e0    00000004     (.common:udp_pcbs)
                  200183e4    00000004     (.common:ui32NewIPAddress)
                  200183e8    00000004     (.common:ui32Status)
                  200183ec    00000001     (.common:ethernetStatus)
                  200183ed    00000001     (.common:flags)
                  200183ee    00000001     (.common:m_col)
                  200183ef    00000001     (.common:m_row)
                  200183f0    00000001     (.common:netif_num)
                  200183f1    00000001     (.common:pbuf_free_ooseq_pending)
                  200183f2    00000001     (.common:presenceBuffer)
                  200183f3    00000001     (.common:recv_flags)
                  200183f4    00000001     (.common:tcp_active_pcbs_changed)
                  200183f5    00000001     (.common:tcp_timer)
                  200183f6    00000001     (.common:tcp_timer_ctr)

.data      0    200183f8    0000107c     UNINITIALIZED
                  200183f8    0000074b     stringProcessing.obj (.data:httpRequestString)
                  20018b43    0000074b     stringProcessing.obj (.data:originalString)
                  2001928e    00000001     OLED.obj (.data)
                  2001928f    00000001     OLEDmenu.obj (.data)
                  20019290    000000b0     rtsv7M4_T_le_v4SPD16_eabi.lib : signal.obj (.data:sigtable)
                  20019340    00000080                                   : xvalues.obj (.data)
                  200193c0    00000064     lwiplib.obj (.data)
                  20019424    0000000b     dataProcessing.obj (.data)
                  2001942f    00000001     wrappedWDT.obj (.data)
                  20019430    0000000a     tactSwitch.obj (.data)
                  2001943a    00000002     --HOLE--
                  2001943c    00000008     rtsv7M4_T_le_v4SPD16_eabi.lib : _lock.obj (.data)
                  20019444    00000008                                   : exit.obj (.data)
                  2001944c    00000008                                   : feraiseexcept.obj (.data)
                  20019454    00000008     stringProcessing.obj (.data)
                  2001945c    00000004     GPfunctions.obj (.data)
                  20019460    00000004     configs.obj (.data)
                  20019464    00000004     rtsv7M4_T_le_v4SPD16_eabi.lib : errno.obj (.data)
                  20019468    00000004                                   : stkdepth_vars.obj (.data)
                  2001946c    00000004     wrappedCAN.obj (.data)
                  20019470    00000004     wrappedi2c.obj (.data)

.TI.noinit 
*          0    2000026c    00000000     UNINITIALIZED

.TI.persistent 
*          0    200183f8    00000000     UNINITIALIZED

.stack     0    20019474    00000800     UNINITIALIZED
                  20019474    00000800     --HOLE--


LINKER GENERATED COPY TABLES

__TI_cinit_table @ 00012718 records: 3, size/record: 8, table size: 24
	.data: load addr=000117f0, load size=00000f07 bytes, run addr=200183f8, run size=0000107c bytes, compression=rle
	.bss: load addr=00012708, load size=00000008 bytes, run addr=2000026c, run size=0001818b bytes, compression=zero_init
	.vtable: load addr=00012710, load size=00000008 bytes, run addr=20000000, run size=0000026c bytes, compression=zero_init


LINKER GENERATED HANDLER TABLE

__TI_handler_table @ 000126f8 records: 3, size/record: 4, table size: 12
	index: 0, handler: __TI_zero_init
	index: 1, handler: __TI_decompress_rle24
	index: 2, handler: __TI_decompress_none


GLOBAL SYMBOLS: SORTED ALPHABETICALLY BY Name 

address   name                         
-------   ----                         
0000f689  C$$EXIT                      
00011754  CAN                          
0000dfb5  CANBitRateSet                
0000ca01  CANDataRequestSend           
00010e75  CANEnable                    
0000f335  CANGetPresence               
00002a15  CANGetSDCSData               
0000fa35  CANInit                      
0001048d  CANIntClear                  
00010e93  CANIntEnable                 
0000605d  CANIntHandler                
000108cf  CANIntRegister               
00010537  CANIntStatus                 
000108e7  CANMessageClear              
0000999d  CANMessageGet                
0000a0d1  CANMessageObjectsSetup       
00008bfd  CANMessageSet                
0000c8b9  CANPresenceCheckSend         
00010c55  CANRetrySet                  
0000d82d  CANSetup                     
0000f711  CANStatusGet                 
2001946e  CANstatus                    
00010df1  CPUcpsie                     
0000f751  EEPROMInit                   
0000b465  EEPROMProgram                
0000fb1d  EEPROMRead                   
000106b9  EMACAddrGet                  
0000fd15  EMACConfigGet                
0000fb55  EMACConfigSet                
00010cf9  EMACFrameFilterSet           
0000dc19  EMACInit                     
0000fd49  EMACIntClear                 
0000fa6f  EMACIntEnable                
0001008b  EMACIntStatus                
0000e93d  EMACPHYConfigSet             
000102d9  EMACPHYRead                  
000102ff  EMACPHYWrite                 
00010a39  EMACReset                    
00010ebb  EMACRxDMADescriptorListSet   
00010a4f  EMACRxEnable                 
00010ec1  EMACTimestampIntStatus       
00010ec7  EMACTxDMADescriptorListSet   
00010e9b  EMACTxDMAPollDemand          
00010a65  EMACTxEnable                 
0000bb19  EthernetInit                 
00010325  EthernetPrint                
0000b2d5  Ethernetwrite                
00010b15  FlashUserGet                 
00010111  GPIODirModeSet               
00010ecd  GPIOIntClear                 
00010db9  GPIOIntDisable               
00010dfd  GPIOIntEnable                
000108ff  GPIOIntRegister              
00010dc7  GPIOIntStatus                
0000ebfd  GPIOIntTypeSet               
00008f9d  GPIOPadConfigSet             
0000f37d  GPIOPinConfigure             
00010c67  GPIOPinTypeCAN               
00010c79  GPIOPinTypeEthernetLED       
00010c8b  GPIOPinTypeGPIOInput         
00010917  GPIOPinTypeGPIOOutput        
00010c9d  GPIOPinTypeI2C               
00010caf  GPIOPinTypeI2CSCL            
00010ed3  GPIOPinWrite                 
00010eab  I2CMasterBusy                
00010eeb  I2CMasterControl             
00010eef  I2CMasterDataPut             
00010e7f  I2CMasterEnable              
00010a7b  I2CMasterErr                 
0000f121  I2CMasterInitExpClk          
00010eb3  I2CMasterSlaveAddrSet        
00007705  InitDMADescriptors           
0000d26d  InitWatchDogTimer            
0000e239  IntEnable                    
00010d09  IntMasterEnable              
00010349  IntPrioritySet               
0000fd7d  IntRegister                  
00011764  LAN                          
00007da1  OLEDbegin                    
2001928e  OLEDbroken                   
00009cc1  OLEDclear                    
0000eca9  OLEDprint                    
0000de65  OLEDprintwrap                
00007f31  OLEDreset                    
0001092f  OLEDsinglePrint              
0000d8ad  OnSWdown                     
000052d1  PinoutSet                    
0000b139  RFIDConfig                   
00010ed9  ResetISR                     
00011774  SDCSOK                       
0001176c  SDCSunreachable              
UNDEFED   SHT$$INIT_ARRAY$$Base        
UNDEFED   SHT$$INIT_ARRAY$$Limit       
0000d2f5  SWInit                       
0000648d  SysCtlClockFreqSet           
0000966d  SysCtlClockGet               
00010edf  SysCtlDelay                  
00010e09  SysCtlMOSCConfigSet          
0000fdb1  SysCtlPeripheralEnable       
0000fb8d  SysCtlPeripheralReady        
0000eef1  SysCtlPeripheralReset        
00010d19  SysCtlReset                  
00010b29  SysCtlResetCauseClear        
00010e15  SysCtlResetCauseGet          
00010b3d  SysTickEnable                
00010b51  SysTickIntEnable             
00010949  SysTickIntHandler            
00010d29  SysTickPeriodSet             
0001036d  WriteCommand                 
0000ff15  _Dclass                      
20019340  _Denorm                      
0000b827  _Dnorm                       
0000988d  _Dscale                      
0000e579  _Dunscale                    
20019350  _Eps                         
20019464  _Errno                       
2001944c  _Fenv                        
0000ff45  _Feraise                     
20019360  _Hugeval                     
20019370  _Inf                         
20019380  _Nan                         
200193a0  _Rteps                       
20019390  _Snan                        
20019450  _Tls_setup__Fenv             
200193b0  _Xbig                        
200193b8  _Zero                        
20019c74  __STACK_END                  
00000800  __STACK_SIZE                 
20019c74  __STACK_TOP                  
00012718  __TI_CINIT_Base              
00012730  __TI_CINIT_Limit             
000126f8  __TI_Handler_Table_Base      
00012704  __TI_Handler_Table_Limit     
0000e08d  __TI_auto_init               
20019444  __TI_cleanup_ptr             
00010dd5  __TI_decompress_none         
00010ee5  __TI_decompress_rle24        
20019448  __TI_dtors_ptr               
00000fb5  __TI_printfi                 
00000000  __TI_static_base__           
00010e2d  __TI_zero_init               
0000d48d  __aeabi_cdcmpeq              
0000d48d  __aeabi_cdcmple              
0000d513  __aeabi_cdrcmple             
0000f4e5  __aeabi_d2iz                 
00007557  __aeabi_dadd                 
00008d33  __aeabi_ddiv                 
0000a4c5  __aeabi_dmul                 
0000754d  __aeabi_dsub                 
0001002f  __aeabi_i2d                  
0000db9d  __aeabi_memclr               
0000db9d  __aeabi_memclr4              
0000db9d  __aeabi_memclr8              
0000ce5d  __aeabi_memcpy               
0000ce5d  __aeabi_memcpy4              
0000ce5d  __aeabi_memcpy8              
0000db9f  __aeabi_memset               
0000db9f  __aeabi_memset4              
0000db9f  __aeabi_memset8              
0000688d  __aeabi_uldivmod             
ffffffff  __binit__                    
ffffffff  __c_args__                   
20019474  __stack                      
00010a09  _args_main                   
0000f031  _c_int00                     
000111f0  _ctypes_                     
2001943c  _lock                        
00010bff  _nop                         
00010bf7  _register_lock               
00010bf1  _register_unlock             
00010ef3  _system_pre_init             
20019440  _unlock                      
0000f68d  abort                        
00010239  addToErrorSDCS               
0000f8cd  addToFaultSDCS               
0000cdc1  addToFaultStation            
00010261  addToI2CBuffer               
0000e2a1  addressDuplicated            
00010961  allConfigMatched             
0001174c  arrow8x8                     
0000f1b9  atoi                         
2001928f  autoSetup                    
0000c16d  autoip_arp_reply             
00010579  autoip_network_changed       
0000d029  autoip_start                 
00010aa7  autoip_stop                  
00008819  autoip_tmr                   
ffffffff  binit                        
20018044  bodyField                    
20019438  buttonIsPressed              
00010e21  buttonPressed                
20019439  buttonThatWasPressed         
00010711  changeError                  
00010991  clearButtonBuffer            
0000feb5  clearFault                   
0000f981  clearSingleFault             
00010599  closeConnectionManually      
0000d599  configMenu                   
00008535  confirmConfig                
000105b9  connectCallback              
0000b209  connectToThingspeak          
0000f205  copy_in                      
2001945e  count                        
20018298  currentFault                 
20018358  current_header               
2001835c  current_iphdr_dest           
20018360  current_iphdr_src            
20018364  current_netif                
00008e69  dataReceiveMessageObjectSetup
20019430  debouncerSw1                 
20019434  debouncerSw2                 
0000fe19  decDecode                    
00010d49  deleteCAN                    
0000dc91  deleteGauge                  
00010d59  deleteLAN                    
00010d69  deleteTS                     
0000fee5  dhcp_arp_reply               
0000ef41  dhcp_coarse_tmr              
0000ecfd  dhcp_fine_tmr                
0000e6a9  dhcp_network_changed         
0000a895  dhcp_release                 
0000bf59  dhcp_renew                   
20018338  dhcp_rx_options_given        
200182cc  dhcp_rx_options_val          
0000a1d1  dhcp_start                   
0000ee4b  dhcp_stop                    
2001942f  dogIsFed                     
0000977d  draw                         
00010b65  drawArrow                    
00010765  drawCAN                      
00010781  drawLAN                      
00010b79  drawSDCSOK                   
00010b8d  drawSDCSunreachable          
0001079d  drawTS                       
20019462  drops                        
2001820c  endingField                  
0000e645  etharp_cleanup_netif         
000078b5  etharp_output                
00007011  etharp_query                 
00009dc5  etharp_raw                   
0000fc35  etharp_request               
0000b529  etharp_tmr                   
00011740  ethbroadcast                 
200183ec  ethernetStatus               
0000a3c9  ethernet_input               
00011746  ethzero                      
0000f695  exit                         
00010e39  feedTheDog                   
0000fe4d  feraiseexcept                
00010ef8  font5x8                      
000101e3  frexp                        
200193d4  g_RxDescList                 
200193c4  g_TxDescList                 
2001946d  g_bErrFlag                   
2001946c  g_bRXFlag                    
20017e04  g_pRxDescriptors             
20017968  g_pTxDescriptors             
20000000  g_pfnRAMVectors              
20018368  g_pfnTimerHandler            
00000000  g_pfnVectors                 
2001836c  g_ui32AbnormalInts           
20018378  g_ui32IPAddress              
200193f0  g_ui32LocalTimer             
20018380  g_ui32NormalInts             
20018384  g_ui32SysClock               
00010ba1  getButton                    
00010e45  getDrops                     
00010abd  getEEPROMDrop                
00010289  getEEPROMdata                
0000f645  getIndexByAddressGauge       
200183f8  httpRequestString            
0000e309  i2cInit                      
2001755c  i2c_buffer                   
20019470  i2c_indicator                
00010ad3  icmp_dest_unreach            
00006a81  icmp_input                   
000103fd  increaseDrops                
000105d9  increaseRetries              
000109a9  inet_chksum                  
0000cb41  inet_chksum_pbuf             
0000e021  ip4_addr_isbroadcast         
00011738  ip_addr_any                  
0001173c  ip_addr_broadcast            
00004db5  ip_input                     
0000f16d  ip_output                    
0000a7a9  ip_output_if                 
0000d61d  ip_route                     
0000ee9d  ldexp                        
20019425  listOfErrorSDCS              
0000ef91  loadBody                     
00010bb5  loadDataToEEPROM             
000109c1  loadDropToEEPROM             
0000efe1  loadEnding                   
000109d9  loadToDrop                   
0000ec53  ltoa                         
0000e371  lwIPEthernetIntHandler       
0000cbe1  lwIPHostTimerHandler         
0000a6b9  lwIPInit                     
000107b9  lwIPLocalIPAddrGet           
000102b1  lwIPTimer                    
000100b7  lwip_htonl                   
00010421  lwip_htons                   
000105f9  lwip_init                    
00010e51  lwip_ntohl                   
00010d79  lwip_ntohs                   
20017f24  lwip_stats                   
200183ee  m_col                        
200183ef  m_row                        
0000e995  main                         
00006e3d  mainLoop                     
20019468  main_func_sp                 
0000d37d  mem_free                     
0000da29  mem_init                     
000080bd  mem_malloc                   
00007c05  mem_trim                     
00010845  memccpy                      
000104f3  memcmp                       
0000ce5d  memcpy                       
00010445  memmove                      
0000e829  memp_free                    
00009ec9  memp_init                    
0000c571  memp_malloc                  
0000dba5  memset                       
0000d725  netif_add                    
20018390  netif_default                
00007703  netif_init                   
20018394  netif_list                   
000101b9  netif_set_addr               
000107d5  netif_set_default            
0000ffd3  netif_set_down               
000107f1  netif_set_gw                 
0000b5e9  netif_set_ipaddr             
000104af  netif_set_link_down          
0000ed51  netif_set_link_up            
0001080d  netif_set_netmask            
0000f9f9  netif_set_up                 
000109f1  noDuplicatedAddress          
20019454  numberBegin                  
20019424  numberOfErrorSDCS            
20018b43  originalString               
0000627d  pbuf_alloc                   
0000f575  pbuf_cat                     
00010ae9  pbuf_chain                   
00010001  pbuf_clen                    
00009325  pbuf_copy                    
0000a97d  pbuf_copy_partial            
0000c619  pbuf_free                    
200183f1  pbuf_free_ooseq_pending      
0000ac31  pbuf_header                  
0000bbd1  pbuf_realloc                 
000104d1  pbuf_ref                     
0000e3d9  peripheralSetup              
0000e441  populateDuplicatedAddress    
0000cef9  populateGaugeList            
0000553d  populateString               
0000e9ed  populateUnmatchedConfig      
200183f2  presenceBuffer               
0000f49d  presentInErrorList           
00010d89  printBody                    
00010d99  printEnding                  
20018344  pui8MACArray                 
2001834c  pui8MsgData                  
0000a5c1  pumpNumberConfig             
0001005d  raise                        
2000026c  ram_heap                     
0000bd3d  raw_input                    
2001946f  receivedPacketFlags          
0000e4a9  removeRFID                   
0000f7d1  removeSDCS                   
0000ea45  removeStationFromSDCS        
00010bc9  resetData                    
00010e5d  resetDecode                  
00010829  resetErrorSDCS               
00010bdd  resetFault                   
20019461  retries                      
0000b39d  retryOrResetMenu             
20018314  sCANMessage                  
00005c09  sendDataToThingSpeak         
00008245  sendI2CBuffer                
2001945f  sent                         
0000ea9d  setCursor                    
00010c19  setupEEPROM                  
0000f811  signal                       
0000daa5  sortSDCSList                 
0000e70d  sprintf                      
000086a7  stats_init                   
000106d7  strcat                       
00010aff  strchr                       
20019458  stringPointer                
00010c05  strlen                       
2001945c  success                      
0000e76d  swapSDCS                     
200183b0  sysTickCount                 
0000ff75  sysTickInit                  
00010da9  sys_arch_protect             
00010861  sys_arch_unprotect           
00010e69  sys_now                      
0000aec1  sys_timeout                  
0000f081  sys_timeouts_init            
20019460  systemConfig                 
0001087d  tcpErrorHandler              
0000ded5  tcpRecvCallback              
00010cc1  tcpSentCallback              
0000b9a1  tcp_abandon                  
00010de3  tcp_abort                    
200183b4  tcp_active_pcbs              
200183f4  tcp_active_pcbs_changed      
000091fd  tcp_alloc                    
00010cd3  tcp_arg                      
000115a0  tcp_backoff                  
200183b8  tcp_bound_pcbs               
00010639  tcp_close                    
00007a5d  tcp_connect                  
0000f2e9  tcp_eff_send_mss             
000083bd  tcp_enqueue_flags            
00010c2d  tcp_err                      
0000d405  tcp_fasttmr                  
00008ac3  tcp_init                     
00002495  tcp_input                    
200183bc  tcp_input_pcb                
0000eaf5  tcp_keepalive                
200183c0  tcp_listen_pcbs              
00010e89  tcp_new                      
00010899  tcp_next_iss                 
00005789  tcp_output                   
00011728  tcp_pcb_lists                
0000e1cf  tcp_pcb_purge                
0000cc81  tcp_pcb_remove               
000115ad  tcp_persist_backoff          
0000ba5d  tcp_process_refused_data     
00010c41  tcp_recv                     
0000fae3  tcp_recv_null                
0000f52d  tcp_recved                   
0000db21  tcp_rexmit                   
0000d151  tcp_rexmit_fast              
0000f0d1  tcp_rexmit_rto               
0000cf91  tcp_rst                      
0001020d  tcp_seg_copy                 
00010659  tcp_seg_free                 
00010679  tcp_segs_free                
0000e5df  tcp_send_empty_ack           
0000e885  tcp_send_fin                 
00010ce5  tcp_sent                     
0000383d  tcp_slowtmr                  
200183c4  tcp_ticks                    
0000fc6d  tcp_timer_needed             
200183c8  tcp_tmp_pcb                  
00010699  tcp_tmr                      
200183cc  tcp_tw_pcbs                  
0000dd7d  tcp_update_rcv_ann_wnd       
00002f41  tcp_write                    
0000ade9  tcp_zero_window_probe        
0001175c  thingspeak                   
200183d8  thingspeakpcb                
20017cc8  thisWarehouse                
00010469  timeIsOut                    
00010a21  timeOutSet                   
0000f6cd  tivaif_init                  
0000eb4d  tivaif_interrupt             
0000cd21  tivaif_process_phy_interrupt 
0000b6a9  udp_bind                     
0000d1e1  udp_connect                  
000090cf  udp_init                     
00004b19  udp_input                    
00010515  udp_new                      
200183e0  udp_pcbs                     
000108b5  udp_recv                     
0000eba5  udp_remove                   
00009441  udp_sendto_if                
200183e4  ui32NewIPAddress             
200183e8  ui32Status                   
0000af95  updateDrops                  
0000fe81  updateFaultSDCSAddress       
0000c811  updateFaultStationAddress    
0000f251  updateGaugeAddress           
000033d5  updateGaugeData              
00003c85  updateMAC                    
0000bea5  updateOLEDSDCSList           
0000df45  updateOLEDSDCSStatus         
0000f29d  updateOLEDicons              
00004811  updateRFIDInStation          
0000e8e1  updateRetry                  
0000fcdd  updateSDCSDataAddress        
00006c65  updateStationDataSingle      
000044bd  warehouseSetup               
000100e5  watchDogHandler              
00009aad  write                        
0000c95d  writeDigit                   


GLOBAL SYMBOLS: SORTED BY Symbol Address 

address   name                         
-------   ----                         
00000000  __TI_static_base__           
00000000  g_pfnVectors                 
00000800  __STACK_SIZE                 
00000fb5  __TI_printfi                 
00002495  tcp_input                    
00002a15  CANGetSDCSData               
00002f41  tcp_write                    
000033d5  updateGaugeData              
0000383d  tcp_slowtmr                  
00003c85  updateMAC                    
000044bd  warehouseSetup               
00004811  updateRFIDInStation          
00004b19  udp_input                    
00004db5  ip_input                     
000052d1  PinoutSet                    
0000553d  populateString               
00005789  tcp_output                   
00005c09  sendDataToThingSpeak         
0000605d  CANIntHandler                
0000627d  pbuf_alloc                   
0000648d  SysCtlClockFreqSet           
0000688d  __aeabi_uldivmod             
00006a81  icmp_input                   
00006c65  updateStationDataSingle      
00006e3d  mainLoop                     
00007011  etharp_query                 
0000754d  __aeabi_dsub                 
00007557  __aeabi_dadd                 
00007703  netif_init                   
00007705  InitDMADescriptors           
000078b5  etharp_output                
00007a5d  tcp_connect                  
00007c05  mem_trim                     
00007da1  OLEDbegin                    
00007f31  OLEDreset                    
000080bd  mem_malloc                   
00008245  sendI2CBuffer                
000083bd  tcp_enqueue_flags            
00008535  confirmConfig                
000086a7  stats_init                   
00008819  autoip_tmr                   
00008ac3  tcp_init                     
00008bfd  CANMessageSet                
00008d33  __aeabi_ddiv                 
00008e69  dataReceiveMessageObjectSetup
00008f9d  GPIOPadConfigSet             
000090cf  udp_init                     
000091fd  tcp_alloc                    
00009325  pbuf_copy                    
00009441  udp_sendto_if                
0000966d  SysCtlClockGet               
0000977d  draw                         
0000988d  _Dscale                      
0000999d  CANMessageGet                
00009aad  write                        
00009cc1  OLEDclear                    
00009dc5  etharp_raw                   
00009ec9  memp_init                    
0000a0d1  CANMessageObjectsSetup       
0000a1d1  dhcp_start                   
0000a3c9  ethernet_input               
0000a4c5  __aeabi_dmul                 
0000a5c1  pumpNumberConfig             
0000a6b9  lwIPInit                     
0000a7a9  ip_output_if                 
0000a895  dhcp_release                 
0000a97d  pbuf_copy_partial            
0000ac31  pbuf_header                  
0000ade9  tcp_zero_window_probe        
0000aec1  sys_timeout                  
0000af95  updateDrops                  
0000b139  RFIDConfig                   
0000b209  connectToThingspeak          
0000b2d5  Ethernetwrite                
0000b39d  retryOrResetMenu             
0000b465  EEPROMProgram                
0000b529  etharp_tmr                   
0000b5e9  netif_set_ipaddr             
0000b6a9  udp_bind                     
0000b827  _Dnorm                       
0000b9a1  tcp_abandon                  
0000ba5d  tcp_process_refused_data     
0000bb19  EthernetInit                 
0000bbd1  pbuf_realloc                 
0000bd3d  raw_input                    
0000bea5  updateOLEDSDCSList           
0000bf59  dhcp_renew                   
0000c16d  autoip_arp_reply             
0000c571  memp_malloc                  
0000c619  pbuf_free                    
0000c811  updateFaultStationAddress    
0000c8b9  CANPresenceCheckSend         
0000c95d  writeDigit                   
0000ca01  CANDataRequestSend           
0000cb41  inet_chksum_pbuf             
0000cbe1  lwIPHostTimerHandler         
0000cc81  tcp_pcb_remove               
0000cd21  tivaif_process_phy_interrupt 
0000cdc1  addToFaultStation            
0000ce5d  __aeabi_memcpy               
0000ce5d  __aeabi_memcpy4              
0000ce5d  __aeabi_memcpy8              
0000ce5d  memcpy                       
0000cef9  populateGaugeList            
0000cf91  tcp_rst                      
0000d029  autoip_start                 
0000d151  tcp_rexmit_fast              
0000d1e1  udp_connect                  
0000d26d  InitWatchDogTimer            
0000d2f5  SWInit                       
0000d37d  mem_free                     
0000d405  tcp_fasttmr                  
0000d48d  __aeabi_cdcmpeq              
0000d48d  __aeabi_cdcmple              
0000d513  __aeabi_cdrcmple             
0000d599  configMenu                   
0000d61d  ip_route                     
0000d725  netif_add                    
0000d82d  CANSetup                     
0000d8ad  OnSWdown                     
0000da29  mem_init                     
0000daa5  sortSDCSList                 
0000db21  tcp_rexmit                   
0000db9d  __aeabi_memclr               
0000db9d  __aeabi_memclr4              
0000db9d  __aeabi_memclr8              
0000db9f  __aeabi_memset               
0000db9f  __aeabi_memset4              
0000db9f  __aeabi_memset8              
0000dba5  memset                       
0000dc19  EMACInit                     
0000dc91  deleteGauge                  
0000dd7d  tcp_update_rcv_ann_wnd       
0000de65  OLEDprintwrap                
0000ded5  tcpRecvCallback              
0000df45  updateOLEDSDCSStatus         
0000dfb5  CANBitRateSet                
0000e021  ip4_addr_isbroadcast         
0000e08d  __TI_auto_init               
0000e1cf  tcp_pcb_purge                
0000e239  IntEnable                    
0000e2a1  addressDuplicated            
0000e309  i2cInit                      
0000e371  lwIPEthernetIntHandler       
0000e3d9  peripheralSetup              
0000e441  populateDuplicatedAddress    
0000e4a9  removeRFID                   
0000e579  _Dunscale                    
0000e5df  tcp_send_empty_ack           
0000e645  etharp_cleanup_netif         
0000e6a9  dhcp_network_changed         
0000e70d  sprintf                      
0000e76d  swapSDCS                     
0000e829  memp_free                    
0000e885  tcp_send_fin                 
0000e8e1  updateRetry                  
0000e93d  EMACPHYConfigSet             
0000e995  main                         
0000e9ed  populateUnmatchedConfig      
0000ea45  removeStationFromSDCS        
0000ea9d  setCursor                    
0000eaf5  tcp_keepalive                
0000eb4d  tivaif_interrupt             
0000eba5  udp_remove                   
0000ebfd  GPIOIntTypeSet               
0000ec53  ltoa                         
0000eca9  OLEDprint                    
0000ecfd  dhcp_fine_tmr                
0000ed51  netif_set_link_up            
0000ee4b  dhcp_stop                    
0000ee9d  ldexp                        
0000eef1  SysCtlPeripheralReset        
0000ef41  dhcp_coarse_tmr              
0000ef91  loadBody                     
0000efe1  loadEnding                   
0000f031  _c_int00                     
0000f081  sys_timeouts_init            
0000f0d1  tcp_rexmit_rto               
0000f121  I2CMasterInitExpClk          
0000f16d  ip_output                    
0000f1b9  atoi                         
0000f205  copy_in                      
0000f251  updateGaugeAddress           
0000f29d  updateOLEDicons              
0000f2e9  tcp_eff_send_mss             
0000f335  CANGetPresence               
0000f37d  GPIOPinConfigure             
0000f49d  presentInErrorList           
0000f4e5  __aeabi_d2iz                 
0000f52d  tcp_recved                   
0000f575  pbuf_cat                     
0000f645  getIndexByAddressGauge       
0000f689  C$$EXIT                      
0000f68d  abort                        
0000f695  exit                         
0000f6cd  tivaif_init                  
0000f711  CANStatusGet                 
0000f751  EEPROMInit                   
0000f7d1  removeSDCS                   
0000f811  signal                       
0000f8cd  addToFaultSDCS               
0000f981  clearSingleFault             
0000f9f9  netif_set_up                 
0000fa35  CANInit                      
0000fa6f  EMACIntEnable                
0000fae3  tcp_recv_null                
0000fb1d  EEPROMRead                   
0000fb55  EMACConfigSet                
0000fb8d  SysCtlPeripheralReady        
0000fc35  etharp_request               
0000fc6d  tcp_timer_needed             
0000fcdd  updateSDCSDataAddress        
0000fd15  EMACConfigGet                
0000fd49  EMACIntClear                 
0000fd7d  IntRegister                  
0000fdb1  SysCtlPeripheralEnable       
0000fe19  decDecode                    
0000fe4d  feraiseexcept                
0000fe81  updateFaultSDCSAddress       
0000feb5  clearFault                   
0000fee5  dhcp_arp_reply               
0000ff15  _Dclass                      
0000ff45  _Feraise                     
0000ff75  sysTickInit                  
0000ffd3  netif_set_down               
00010001  pbuf_clen                    
0001002f  __aeabi_i2d                  
0001005d  raise                        
0001008b  EMACIntStatus                
000100b7  lwip_htonl                   
000100e5  watchDogHandler              
00010111  GPIODirModeSet               
000101b9  netif_set_addr               
000101e3  frexp                        
0001020d  tcp_seg_copy                 
00010239  addToErrorSDCS               
00010261  addToI2CBuffer               
00010289  getEEPROMdata                
000102b1  lwIPTimer                    
000102d9  EMACPHYRead                  
000102ff  EMACPHYWrite                 
00010325  EthernetPrint                
00010349  IntPrioritySet               
0001036d  WriteCommand                 
000103fd  increaseDrops                
00010421  lwip_htons                   
00010445  memmove                      
00010469  timeIsOut                    
0001048d  CANIntClear                  
000104af  netif_set_link_down          
000104d1  pbuf_ref                     
000104f3  memcmp                       
00010515  udp_new                      
00010537  CANIntStatus                 
00010579  autoip_network_changed       
00010599  closeConnectionManually      
000105b9  connectCallback              
000105d9  increaseRetries              
000105f9  lwip_init                    
00010639  tcp_close                    
00010659  tcp_seg_free                 
00010679  tcp_segs_free                
00010699  tcp_tmr                      
000106b9  EMACAddrGet                  
000106d7  strcat                       
00010711  changeError                  
00010765  drawCAN                      
00010781  drawLAN                      
0001079d  drawTS                       
000107b9  lwIPLocalIPAddrGet           
000107d5  netif_set_default            
000107f1  netif_set_gw                 
0001080d  netif_set_netmask            
00010829  resetErrorSDCS               
00010845  memccpy                      
00010861  sys_arch_unprotect           
0001087d  tcpErrorHandler              
00010899  tcp_next_iss                 
000108b5  udp_recv                     
000108cf  CANIntRegister               
000108e7  CANMessageClear              
000108ff  GPIOIntRegister              
00010917  GPIOPinTypeGPIOOutput        
0001092f  OLEDsinglePrint              
00010949  SysTickIntHandler            
00010961  allConfigMatched             
00010991  clearButtonBuffer            
000109a9  inet_chksum                  
000109c1  loadDropToEEPROM             
000109d9  loadToDrop                   
000109f1  noDuplicatedAddress          
00010a09  _args_main                   
00010a21  timeOutSet                   
00010a39  EMACReset                    
00010a4f  EMACRxEnable                 
00010a65  EMACTxEnable                 
00010a7b  I2CMasterErr                 
00010aa7  autoip_stop                  
00010abd  getEEPROMDrop                
00010ad3  icmp_dest_unreach            
00010ae9  pbuf_chain                   
00010aff  strchr                       
00010b15  FlashUserGet                 
00010b29  SysCtlResetCauseClear        
00010b3d  SysTickEnable                
00010b51  SysTickIntEnable             
00010b65  drawArrow                    
00010b79  drawSDCSOK                   
00010b8d  drawSDCSunreachable          
00010ba1  getButton                    
00010bb5  loadDataToEEPROM             
00010bc9  resetData                    
00010bdd  resetFault                   
00010bf1  _register_unlock             
00010bf7  _register_lock               
00010bff  _nop                         
00010c05  strlen                       
00010c19  setupEEPROM                  
00010c2d  tcp_err                      
00010c41  tcp_recv                     
00010c55  CANRetrySet                  
00010c67  GPIOPinTypeCAN               
00010c79  GPIOPinTypeEthernetLED       
00010c8b  GPIOPinTypeGPIOInput         
00010c9d  GPIOPinTypeI2C               
00010caf  GPIOPinTypeI2CSCL            
00010cc1  tcpSentCallback              
00010cd3  tcp_arg                      
00010ce5  tcp_sent                     
00010cf9  EMACFrameFilterSet           
00010d09  IntMasterEnable              
00010d19  SysCtlReset                  
00010d29  SysTickPeriodSet             
00010d49  deleteCAN                    
00010d59  deleteLAN                    
00010d69  deleteTS                     
00010d79  lwip_ntohs                   
00010d89  printBody                    
00010d99  printEnding                  
00010da9  sys_arch_protect             
00010db9  GPIOIntDisable               
00010dc7  GPIOIntStatus                
00010dd5  __TI_decompress_none         
00010de3  tcp_abort                    
00010df1  CPUcpsie                     
00010dfd  GPIOIntEnable                
00010e09  SysCtlMOSCConfigSet          
00010e15  SysCtlResetCauseGet          
00010e21  buttonPressed                
00010e2d  __TI_zero_init               
00010e39  feedTheDog                   
00010e45  getDrops                     
00010e51  lwip_ntohl                   
00010e5d  resetDecode                  
00010e69  sys_now                      
00010e75  CANEnable                    
00010e7f  I2CMasterEnable              
00010e89  tcp_new                      
00010e93  CANIntEnable                 
00010e9b  EMACTxDMAPollDemand          
00010eab  I2CMasterBusy                
00010eb3  I2CMasterSlaveAddrSet        
00010ebb  EMACRxDMADescriptorListSet   
00010ec1  EMACTimestampIntStatus       
00010ec7  EMACTxDMADescriptorListSet   
00010ecd  GPIOIntClear                 
00010ed3  GPIOPinWrite                 
00010ed9  ResetISR                     
00010edf  SysCtlDelay                  
00010ee5  __TI_decompress_rle24        
00010eeb  I2CMasterControl             
00010eef  I2CMasterDataPut             
00010ef3  _system_pre_init             
00010ef8  font5x8                      
000111f0  _ctypes_                     
000115a0  tcp_backoff                  
000115ad  tcp_persist_backoff          
00011728  tcp_pcb_lists                
00011738  ip_addr_any                  
0001173c  ip_addr_broadcast            
00011740  ethbroadcast                 
00011746  ethzero                      
0001174c  arrow8x8                     
00011754  CAN                          
0001175c  thingspeak                   
00011764  LAN                          
0001176c  SDCSunreachable              
00011774  SDCSOK                       
000126f8  __TI_Handler_Table_Base      
00012704  __TI_Handler_Table_Limit     
00012718  __TI_CINIT_Base              
00012730  __TI_CINIT_Limit             
20000000  g_pfnRAMVectors              
2000026c  ram_heap                     
2001755c  i2c_buffer                   
20017968  g_pTxDescriptors             
20017cc8  thisWarehouse                
20017e04  g_pRxDescriptors             
20017f24  lwip_stats                   
20018044  bodyField                    
2001820c  endingField                  
20018298  currentFault                 
200182cc  dhcp_rx_options_val          
20018314  sCANMessage                  
20018338  dhcp_rx_options_given        
20018344  pui8MACArray                 
2001834c  pui8MsgData                  
20018358  current_header               
2001835c  current_iphdr_dest           
20018360  current_iphdr_src            
20018364  current_netif                
20018368  g_pfnTimerHandler            
2001836c  g_ui32AbnormalInts           
20018378  g_ui32IPAddress              
20018380  g_ui32NormalInts             
20018384  g_ui32SysClock               
20018390  netif_default                
20018394  netif_list                   
200183b0  sysTickCount                 
200183b4  tcp_active_pcbs              
200183b8  tcp_bound_pcbs               
200183bc  tcp_input_pcb                
200183c0  tcp_listen_pcbs              
200183c4  tcp_ticks                    
200183c8  tcp_tmp_pcb                  
200183cc  tcp_tw_pcbs                  
200183d8  thingspeakpcb                
200183e0  udp_pcbs                     
200183e4  ui32NewIPAddress             
200183e8  ui32Status                   
200183ec  ethernetStatus               
200183ee  m_col                        
200183ef  m_row                        
200183f1  pbuf_free_ooseq_pending      
200183f2  presenceBuffer               
200183f4  tcp_active_pcbs_changed      
200183f8  httpRequestString            
20018b43  originalString               
2001928e  OLEDbroken                   
2001928f  autoSetup                    
20019340  _Denorm                      
20019350  _Eps                         
20019360  _Hugeval                     
20019370  _Inf                         
20019380  _Nan                         
20019390  _Snan                        
200193a0  _Rteps                       
200193b0  _Xbig                        
200193b8  _Zero                        
200193c4  g_TxDescList                 
200193d4  g_RxDescList                 
200193f0  g_ui32LocalTimer             
20019424  numberOfErrorSDCS            
20019425  listOfErrorSDCS              
2001942f  dogIsFed                     
20019430  debouncerSw1                 
20019434  debouncerSw2                 
20019438  buttonIsPressed              
20019439  buttonThatWasPressed         
2001943c  _lock                        
20019440  _unlock                      
20019444  __TI_cleanup_ptr             
20019448  __TI_dtors_ptr               
2001944c  _Fenv                        
20019450  _Tls_setup__Fenv             
20019454  numberBegin                  
20019458  stringPointer                
2001945c  success                      
2001945e  count                        
2001945f  sent                         
20019460  systemConfig                 
20019461  retries                      
20019462  drops                        
20019464  _Errno                       
20019468  main_func_sp                 
2001946c  g_bRXFlag                    
2001946d  g_bErrFlag                   
2001946e  CANstatus                    
2001946f  receivedPacketFlags          
20019470  i2c_indicator                
20019474  __stack                      
20019c74  __STACK_END                  
20019c74  __STACK_TOP                  
ffffffff  __binit__                    
ffffffff  __c_args__                   
ffffffff  binit                        
UNDEFED   SHT$$INIT_ARRAY$$Base        
UNDEFED   SHT$$INIT_ARRAY$$Limit       

[488 symbols]
